Component: ARM Compiler 5.06 update 6 (build 750) Tool: armlink [4d35ed]

==============================================================================

Section Cross References

    system_stm32f10x.o(i.SetSysClock) refers to system_stm32f10x.o(i.SetSysClockTo72) for SetSysClockTo72
    system_stm32f10x.o(i.SystemCoreClockUpdate) refers to system_stm32f10x.o(.data) for SystemCoreClock
    system_stm32f10x.o(i.SystemInit) refers to system_stm32f10x.o(i.SetSysClock) for SetSysClock
    startup_stm32f10x_cl.o(STACK) refers (Special) to heapauxi.o(.text) for __use_two_region_memory
    startup_stm32f10x_cl.o(HEAP) refers (Special) to heapauxi.o(.text) for __use_two_region_memory
    startup_stm32f10x_cl.o(RESET) refers (Special) to heapauxi.o(.text) for __use_two_region_memory
    startup_stm32f10x_cl.o(RESET) refers to startup_stm32f10x_cl.o(STACK) for __initial_sp
    startup_stm32f10x_cl.o(RESET) refers to startup_stm32f10x_cl.o(.text) for Reset_Handler
    startup_stm32f10x_cl.o(RESET) refers to stm32f10x_it.o(i.NMI_Handler) for NMI_Handler
    startup_stm32f10x_cl.o(RESET) refers to stm32f10x_it.o(i.HardFault_Handler) for HardFault_Handler
    startup_stm32f10x_cl.o(RESET) refers to stm32f10x_it.o(i.MemManage_Handler) for MemManage_Handler
    startup_stm32f10x_cl.o(RESET) refers to stm32f10x_it.o(i.BusFault_Handler) for BusFault_Handler
    startup_stm32f10x_cl.o(RESET) refers to stm32f10x_it.o(i.UsageFault_Handler) for UsageFault_Handler
    startup_stm32f10x_cl.o(RESET) refers to stm32f10x_it.o(i.SVC_Handler) for SVC_Handler
    startup_stm32f10x_cl.o(RESET) refers to stm32f10x_it.o(i.DebugMon_Handler) for DebugMon_Handler
    startup_stm32f10x_cl.o(RESET) refers to stm32f10x_it.o(i.PendSV_Handler) for PendSV_Handler
    startup_stm32f10x_cl.o(RESET) refers to stm32f10x_it.o(i.SysTick_Handler) for SysTick_Handler
    startup_stm32f10x_cl.o(RESET) refers to stm32f10x_it.o(i.TIM2_IRQHandler) for TIM2_IRQHandler
    startup_stm32f10x_cl.o(RESET) refers to stm32f10x_it.o(i.TIM3_IRQHandler) for TIM3_IRQHandler
    startup_stm32f10x_cl.o(RESET) refers to stm32f10x_it.o(i.TIM4_IRQHandler) for TIM4_IRQHandler
    startup_stm32f10x_cl.o(.text) refers (Special) to heapauxi.o(.text) for __use_two_region_memory
    startup_stm32f10x_cl.o(.text) refers to system_stm32f10x.o(i.SystemInit) for SystemInit
    startup_stm32f10x_cl.o(.text) refers to __main.o(!!!main) for __main
    startup_stm32f10x_cl.o(.text) refers to startup_stm32f10x_cl.o(HEAP) for Heap_Mem
    startup_stm32f10x_cl.o(.text) refers to startup_stm32f10x_cl.o(STACK) for Stack_Mem
    stm32f10x_it.o(i.TIM2_IRQHandler) refers to stm32f10x_tim.o(i.TIM_GetITStatus) for TIM_GetITStatus
    stm32f10x_it.o(i.TIM2_IRQHandler) refers to stm32f10x_tim.o(i.TIM_ClearITPendingBit) for TIM_ClearITPendingBit
    stm32f10x_it.o(i.TIM2_IRQHandler) refers to bsp.o(.bss) for bspdata
    stm32f10x_it.o(i.TIM3_IRQHandler) refers to stm32f10x_tim.o(i.TIM_GetITStatus) for TIM_GetITStatus
    stm32f10x_it.o(i.TIM3_IRQHandler) refers to stm32f10x_tim.o(i.TIM_ClearITPendingBit) for TIM_ClearITPendingBit
    stm32f10x_it.o(i.TIM3_IRQHandler) refers to ads1220driver.o(i.ADS1220_UPDATE_Data) for ADS1220_UPDATE_Data
    stm32f10x_it.o(i.TIM3_IRQHandler) refers to fflt_clz.o(x$fpl$fflt) for __aeabi_i2f
    stm32f10x_it.o(i.TIM3_IRQHandler) refers to faddsub_clz.o(x$fpl$fsub) for __aeabi_fsub
    stm32f10x_it.o(i.TIM3_IRQHandler) refers to fmul.o(x$fpl$fmul) for __aeabi_fmul
    stm32f10x_it.o(i.TIM3_IRQHandler) refers to faddsub_clz.o(x$fpl$fadd) for __aeabi_fadd
    stm32f10x_it.o(i.TIM3_IRQHandler) refers to ffix.o(x$fpl$ffix) for __aeabi_f2iz
    stm32f10x_it.o(i.TIM3_IRQHandler) refers to ads1220driver.o(.bss) for adsdata
    stm32f10x_it.o(i.TIM3_IRQHandler) refers to stm32f10x_it.o(.data) for voltage_diff32
    stm32f10x_it.o(i.TIM3_IRQHandler) refers to main.o(.bss) for maindata
    stm32f10x_it.o(i.TIM4_IRQHandler) refers to stm32f10x_tim.o(i.TIM_GetITStatus) for TIM_GetITStatus
    stm32f10x_it.o(i.TIM4_IRQHandler) refers to stm32f10x_tim.o(i.TIM_ClearITPendingBit) for TIM_ClearITPendingBit
    stm32f10x_it.o(i.TIM4_IRQHandler) refers to electronicscaledriver.o(i.UpdateScaleData) for UpdateScaleData
    bsp.o(i.BSP_DMA_Init) refers to stm32f10x_rcc.o(i.RCC_AHBPeriphClockCmd) for RCC_AHBPeriphClockCmd
    bsp.o(i.BSP_DMA_Init) refers to stm32f10x_dma.o(i.DMA_Init) for DMA_Init
    bsp.o(i.BSP_DMA_Init) refers to stm32f10x_dma.o(i.DMA_Cmd) for DMA_Cmd
    bsp.o(i.BSP_DMA_Init) refers to stm32f10x_usart.o(i.USART_DMACmd) for USART_DMACmd
    bsp.o(i.BSP_DMA_Init) refers to bsp.o(.bss) for bspdata
    bsp.o(i.BSP_GPIO_Init) refers to stm32f10x_rcc.o(i.RCC_APB2PeriphClockCmd) for RCC_APB2PeriphClockCmd
    bsp.o(i.BSP_GPIO_Init) refers to stm32f10x_gpio.o(i.GPIO_PinRemapConfig) for GPIO_PinRemapConfig
    bsp.o(i.BSP_GPIO_Init) refers to stm32f10x_gpio.o(i.GPIO_Init) for GPIO_Init
    bsp.o(i.BSP_Init) refers to bsp.o(i.BSP_GPIO_Init) for BSP_GPIO_Init
[...]
    CL$$btod_d2e                             0x08000d06   Section       62  btod.o(CL$$btod_d2e)
    CL$$btod_d2e_denorm_low                  0x08000d44   Section       70  btod.o(CL$$btod_d2e_denorm_low)
    CL$$btod_d2e_norm_op1                    0x08000d8a   Section       96  btod.o(CL$$btod_d2e_norm_op1)
    CL$$btod_div_common                      0x08000dea   Section      824  btod.o(CL$$btod_div_common)
    CL$$btod_e2e                             0x08001122   Section      220  btod.o(CL$$btod_e2e)
    CL$$btod_ediv                            0x080011fe   Section       42  btod.o(CL$$btod_ediv)
    CL$$btod_emul                            0x08001228   Section       42  btod.o(CL$$btod_emul)
    CL$$btod_mult_common                     0x08001252   Section      580  btod.o(CL$$btod_mult_common)
    i.ADS1220_Init                           0x08001498   Section        0  ads1220driver.o(i.ADS1220_Init)
    i.ADS1220_RESET                          0x0800152c   Section        0  ads1220driver.o(i.ADS1220_RESET)
    i.ADS1220_Read_Reg                       0x08001558   Section        0  ads1220driver.o(i.ADS1220_Read_Reg)
    i.ADS1220_START                          0x08001590   Section        0  ads1220driver.o(i.ADS1220_START)
    i.ADS1220_Swap_Data                      0x080015bc   Section        0  ads1220driver.o(i.ADS1220_Swap_Data)
    i.ADS1220_UPDATE_Data                    0x08001630   Section        0  ads1220driver.o(i.ADS1220_UPDATE_Data)
    i.ADS1220_Write_Reg                      0x080016e8   Section        0  ads1220driver.o(i.ADS1220_Write_Reg)
    i.BSP_DMA_Init                           0x0800171c   Section        0  bsp.o(i.BSP_DMA_Init)
    BSP_DMA_Init                             0x0800171d   Thumb Code    86  bsp.o(i.BSP_DMA_Init)
    i.BSP_GPIO_Init                          0x08001780   Section        0  bsp.o(i.BSP_GPIO_Init)
    BSP_GPIO_Init                            0x08001781   Thumb Code   542  bsp.o(i.BSP_GPIO_Init)
    i.BSP_Init                               0x080019ac   Section        0  bsp.o(i.BSP_Init)
    i.BSP_SPI_Init                           0x080019c4   Section        0  bsp.o(i.BSP_SPI_Init)
    BSP_SPI_Init                             0x080019c5   Thumb Code    84  bsp.o(i.BSP_SPI_Init)
    i.BSP_TIM_Init                           0x08001a1c   Section        0  bsp.o(i.BSP_TIM_Init)
    BSP_TIM_Init                             0x08001a1d   Thumb Code   294  bsp.o(i.BSP_TIM_Init)
    i.BSP_USART_Init                         0x08001b4c   Section        0  bsp.o(i.BSP_USART_Init)
    BSP_USART_Init                           0x08001b4d   Thumb Code    60  bsp.o(i.BSP_USART_Init)
    i.BusFault_Handler                       0x08001b8c   Section        0  stm32f10x_it.o(i.BusFault_Handler)
    i.CueBaseMenu                            0x08001b90   Section        0  main.o(i.CueBaseMenu)
    i.CueCalibrationOFF                      0x08001cdc   Section        0  main.o(i.CueCalibrationOFF)
    i.CueCalibrationON                       0x08001cfc   Section        0  main.o(i.CueCalibrationON)
    i.CueSettingMenu1                        0x08001d90   Section        0  main.o(i.CueSettingMenu1)
    i.CueSettingMenu2                        0x08001e88   Section        0  main.o(i.CueSettingMenu2)
    i.CursorOff                              0x08001f84   Section        0  main.o(i.CursorOff)
    i.CursorOn                               0x08001f8e   Section        0  main.o(i.CursorOn)
    i.DMA_Cmd                                0x08001f98   Section        0  stm32f10x_dma.o(i.DMA_Cmd)
    i.DMA_Init                               0x08001fb0   Section        0  stm32f10x_dma.o(i.DMA_Init)
    i.DS18B20_Check                          0x08001fec   Section        0  ds18b20.o(i.DS18B20_Check)
    i.DS18B20_Init                           0x08002050   Section        0  ds18b20.o(i.DS18B20_Init)
    i.DS18B20_Rst                            0x0800205c   Section        0  ds18b20.o(i.DS18B20_Rst)
    i.DebugMon_Handler                       0x080020a0   Section        0  stm32f10x_it.o(i.DebugMon_Handler)
    i.EEPROM_Continute_Read                  0x080020a4   Section        0  25lc512.o(i.EEPROM_Continute_Read)
    i.EEPROM_Continute_Write                 0x08002100   Section        0  25lc512.o(i.EEPROM_Continute_Write)
    i.EEPROM_Get_ID                          0x08002128   Section        0  25lc512.o(i.EEPROM_Get_ID)
    i.EEPROM_Swap_Data                       0x08002170   Section        0  25lc512.o(i.EEPROM_Swap_Data)
    EEPROM_Swap_Data                         0x08002171   Thumb Code    18  25lc512.o(i.EEPROM_Swap_Data)
    i.EEPROM_Write_Data                      0x08002188   Section        0  25lc512.o(i.EEPROM_Write_Data)
    i.EEPROM_Write_Enable                    0x080021e0   Section        0  25lc512.o(i.EEPROM_Write_Enable)
    i.ElectronicScaleGetData                 0x0800220c   Section        0  electronicscaledriver.o(i.ElectronicScaleGetData)
    i.GPIO_Init                              0x08002278   Section        0  stm32f10x_gpio.o(i.GPIO_Init)
    i.GPIO_PinRemapConfig                    0x08002390   Section        0  stm32f10x_gpio.o(i.GPIO_PinRemapConfig)
    i.GPIO_ReadInputDataBit                  0x08002420   Section        0  stm32f10x_gpio.o(i.GPIO_ReadInputDataBit)
    i.GPIO_ResetBits                         0x08002432   Section        0  stm32f10x_gpio.o(i.GPIO_ResetBits)
    i.GPIO_SetBits                           0x08002436   Section        0  stm32f10x_gpio.o(i.GPIO_SetBits)
    i.GPIO_WriteBit                          0x0800243a   Section        0  stm32f10x_gpio.o(i.GPIO_WriteBit)
    i.GetKey                                 0x08002444   Section        0  easy_driver.o(i.GetKey)
    i.HardFault_Handler                      0x080024a4   Section        0  stm32f10x_it.o(i.HardFault_Handler)
    i.J_LCD_Init                             0x080024a8   Section        0  j12864driver.o(i.J_LCD_Init)
    i.J_LCD_RESET                            0x080024d0   Section        0  j12864driver.o(i.J_LCD_RESET)
    i.MY_ReadInputDataBit                    0x080024f8   Section        0  easy_driver.o(i.MY_ReadInputDataBit)
    MY_ReadInputDataBit                      0x080024f9   Thumb Code    60  easy_driver.o(i.MY_ReadInputDataBit)
    i.MeasureAction                          0x08002534   Section        0  main.o(i.MeasureAction)
    i.MemManage_Handler                      0x08002798   Section        0  stm32f10x_it.o(i.MemManage_Handler)
    i.NMI_Handler                            0x0800279c   Section        0  stm32f10x_it.o(i.NMI_Handler)
    i.NVIC_Init                              0x080027a0   Section        0  misc.o(i.NVIC_Init)
    i.NVIC_PriorityGroupConfig               0x08002810   Section        0  misc.o(i.NVIC_PriorityGroupConfig)
    i.PendSV_Handler                         0x08002824   Section        0  stm32f10x_it.o(i.PendSV_Handler)
    i.Peripheral_Init_And_SelfCheck          0x08002828   Section        0  main.o(i.Peripheral_Init_And_SelfCheck)
    i.RCC_AHBPeriphClockCmd                  0x08002920   Section        0  stm32f10x_rcc.o(i.RCC_AHBPeriphClockCmd)
    i.RCC_APB1PeriphClockCmd                 0x08002940   Section        0  stm32f10x_rcc.o(i.RCC_APB1PeriphClockCmd)
    i.RCC_APB2PeriphClockCmd                 0x08002960   Section        0  stm32f10x_rcc.o(i.RCC_APB2PeriphClockCmd)
    i.RCC_GetClocksFreq                      0x08002980   Section        0  stm32f10x_rcc.o(i.RCC_GetClocksFreq)
    i.RelayControl                           0x08002a54   Section        0  easy_driver.o(i.RelayControl)
    i.SPIWR                                  0x08002a90   Section        0  j12864driver.o(i.SPIWR)
    i.SPI_Cmd                                0x08002ab6   Section        0  stm32f10x_spi.o(i.SPI_Cmd)
    i.SPI_I2S_GetFlagStatus                  0x08002ace   Section        0  stm32f10x_spi.o(i.SPI_I2S_GetFlagStatus)
    i.SPI_I2S_ReceiveData                    0x08002ae0   Section        0  stm32f10x_spi.o(i.SPI_I2S_ReceiveData)
    i.SPI_I2S_SendData                       0x08002ae6   Section        0  stm32f10x_spi.o(i.SPI_I2S_SendData)
    i.SPI_Init                               0x08002aea   Section        0  stm32f10x_spi.o(i.SPI_Init)
    i.SVC_Handler                            0x08002b26   Section        0  stm32f10x_it.o(i.SVC_Handler)
    i.ScaleInit                              0x08002b28   Section        0  electronicscaledriver.o(i.ScaleInit)
    i.ScaleSetToZero                         0x08002b44   Section        0  electronicscaledriver.o(i.ScaleSetToZero)
    i.SendByteLCD                            0x08002b6c   Section        0  j12864driver.o(i.SendByteLCD)
    i.SetKeyOutput                           0x08002bb8   Section        0  easy_driver.o(i.SetKeyOutput)
    SetKeyOutput                             0x08002bb9   Thumb Code    54  easy_driver.o(i.SetKeyOutput)
    i.SetSysClock                            0x08002bf8   Section        0  system_stm32f10x.o(i.SetSysClock)
    SetSysClock                              0x08002bf9   Thumb Code     8  system_stm32f10x.o(i.SetSysClock)
    i.SetSysClockTo72                        0x08002c00   Section        0  system_stm32f10x.o(i.SetSysClockTo72)
    SetSysClockTo72                          0x08002c01   Thumb Code   214  system_stm32f10x.o(i.SetSysClockTo72)
    i.ShortDelay                             0x08002ce0   Section        0  ads1220driver.o(i.ShortDelay)
    ShortDelay                               0x08002ce1   Thumb Code    18  ads1220driver.o(i.ShortDelay)
    i.Short_Delay                            0x08002cf2   Section        0  j12864driver.o(i.Short_Delay)
    i.ShowEngChar                            0x08002d04   Section        0  j12864driver.o(i.ShowEngChar)
    i.ShowQQChar                             0x08002d2a   Section        0  j12864driver.o(i.ShowQQChar)
    i.SysTick_CLKSourceConfig                0x08002d5e   Section        0  misc.o(i.SysTick_CLKSourceConfig)
    i.SysTick_Handler                        0x08002d86   Section        0  stm32f10x_it.o(i.SysTick_Handler)
    i.SystemInit                             0x08002d88   Section        0  system_stm32f10x.o(i.SystemInit)
    i.TIM2_IRQHandler                        0x08002de8   Section        0  stm32f10x_it.o(i.TIM2_IRQHandler)
    i.TIM3_IRQHandler                        0x08002e0c   Section        0  stm32f10x_it.o(i.TIM3_IRQHandler)
    i.TIM4_IRQHandler                        0x08002ea8   Section        0  stm32f10x_it.o(i.TIM4_IRQHandler)
    i.TIM_ClearITPendingBit                  0x08002ec8   Section        0  stm32f10x_tim.o(i.TIM_ClearITPendingBit)
    i.TIM_Cmd                                0x08002ece   Section        0  stm32f10x_tim.o(i.TIM_Cmd)
    i.TIM_GetITStatus                        0x08002ee6   Section        0  stm32f10x_tim.o(i.TIM_GetITStatus)
    i.TIM_ITConfig                           0x08002f08   Section        0  stm32f10x_tim.o(i.TIM_ITConfig)
    i.TIM_TimeBaseInit                       0x08002f1c   Section        0  stm32f10x_tim.o(i.TIM_TimeBaseInit)
    i.USART_Cmd                              0x08002fc0   Section        0  stm32f10x_usart.o(i.USART_Cmd)
    i.USART_DMACmd                           0x08002fd8   Section        0  stm32f10x_usart.o(i.USART_DMACmd)
    i.USART_Init                             0x08002fec   Section        0  stm32f10x_usart.o(i.USART_Init)
    i.UntilKeyRelease                        0x080030c4   Section        0  main.o(i.UntilKeyRelease)
    i.UpdateScaleData                        0x080030d8   Section        0  electronicscaledriver.o(i.UpdateScaleData)
    i.UsageFault_Handler                     0x080031ac   Section        0  stm32f10x_it.o(i.UsageFault_Handler)
    i.WRCommand                              0x080031b0   Section        0  j12864driver.o(i.WRCommand)
    i.WRData                                 0x080031dc   Section        0  j12864driver.o(i.WRData)
    i.__ARM_fpclassify                       0x08003204   Section        0  fpclassify.o(i.__ARM_fpclassify)
    i._is_digit                              0x0800322c   Section        0  __printf_wp.o(i._is_digit)
    i.bsp_delay100ms                         0x0800323a   Section        0  bsp.o(i.bsp_delay100ms)
    i.bsp_delayms                            0x08003280   Section        0  bsp.o(i.bsp_delayms)
    i.delay_init                             0x0800328c   Section        0  ds18b20.o(i.delay_init)
    i.delay_ms                               0x080032c8   Section        0  ds18b20.o(i.delay_ms)
    i.delay_us                               0x08003300   Section        0  ds18b20.o(i.delay_us)
    i.delay_xms                              0x0800334c   Section        0  ds18b20.o(i.delay_xms)
    i.fun_spiSwap                            0x08003398   Section        0  bsp.o(i.fun_spiSwap)
    i.main                                   0x080033cc   Section        0  main.o(i.main)
    locale$$code                             0x08003e04   Section       44  lc_numeric_c.o(locale$$code)
    x$fpl$d2f                                0x08003e30   Section       98  d2f.o(x$fpl$d2f)
    x$fpl$dadd                               0x08003e94   Section      336  daddsub_clz.o(x$fpl$dadd)
    _dadd1                                   0x08003ea5   Thumb Code     0  daddsub_clz.o(x$fpl$dadd)
    x$fpl$ddiv                               0x08003fe4   Section      688  ddiv.o(x$fpl$ddiv)
    ddiv_entry                               0x08003feb   Thumb Code     0  ddiv.o(x$fpl$ddiv)
    x$fpl$dfix                               0x08004294   Section       94  dfix.o(x$fpl$dfix)
    x$fpl$dfixu                              0x080042f4   Section       90  dfixu.o(x$fpl$dfixu)
    x$fpl$dfltu                              0x0800434e   Section       38  dflt_clz.o(x$fpl$dfltu)
    x$fpl$dmul                               0x08004374   Section      340  dmul.o(x$fpl$dmul)
    x$fpl$dnaninf                            0x080044c8   Section      156  dnaninf.o(x$fpl$dnaninf)
    x$fpl$dretinf                            0x08004564   Section       12  dretinf.o(x$fpl$dretinf)
    x$fpl$dsub                               0x08004570   Section      468  daddsub_clz.o(x$fpl$dsub)
    _dsub1                                   0x08004581   Thumb Code     0  daddsub_clz.o(x$fpl$dsub)
    x$fpl$f2d                                0x08004744   Section       86  f2d.o(x$fpl$f2d)
    x$fpl$fadd                               0x0800479c   Section      196  faddsub_clz.o(x$fpl$fadd)
    _fadd1                                   0x080047ab   Thumb Code     0  faddsub_clz.o(x$fpl$fadd)
    x$fpl$fcmpinf                            0x08004860   Section       24  fcmpi.o(x$fpl$fcmpinf)
    x$fpl$fdiv                               0x08004878   Section      388  fdiv.o(x$fpl$fdiv)
    _fdiv1                                   0x08004879   Thumb Code     0  fdiv.o(x$fpl$fdiv)
    x$fpl$ffix                               0x080049fc   Section       54  ffix.o(x$fpl$ffix)
    x$fpl$fflt                               0x08004a34   Section       48  fflt_clz.o(x$fpl$fflt)
    x$fpl$ffltu                              0x08004a64   Section       38  fflt_clz.o(x$fpl$ffltu)
    x$fpl$fleqf                              0x08004a8c   Section      104  fleqf.o(x$fpl$fleqf)
    x$fpl$fmul                               0x08004af4   Section      258  fmul.o(x$fpl$fmul)
    x$fpl$fnaninf                            0x08004bf6   Section      140  fnaninf.o(x$fpl$fnaninf)
    x$fpl$fretinf                            0x08004c82   Section       10  fretinf.o(x$fpl$fretinf)
    x$fpl$frleqf                             0x08004c8c   Section       98  frleqf.o(x$fpl$frleqf)
    x$fpl$fsub                               0x08004cf0   Section      234  faddsub_clz.o(x$fpl$fsub)
    _fsub1                                   0x08004cff   Thumb Code     0  faddsub_clz.o(x$fpl$fsub)
    x$fpl$printf1                            0x08004dda   Section        4  printf1.o(x$fpl$printf1)
    .constdata                               0x08004dde   Section       17  __printf_flags_ss_wp.o(.constdata)
    x$fpl$usenofp                            0x08004dde   Section        0  usenofp.o(x$fpl$usenofp)
    maptable                                 0x08004dde   Data          17  __printf_flags_ss_wp.o(.constdata)
    .constdata                               0x08004df0   Section      148  bigflt0.o(.constdata)
    tenpwrs_x                                0x08004df0   Data          60  bigflt0.o(.constdata)
    tenpwrs_i                                0x08004e2c   Data          64  bigflt0.o(.constdata)
    locale$$data                             0x08004ea4   Section       28  lc_numeric_c.o(locale$$data)
    __lcnum_c_name                           0x08004ea8   Data           2  lc_numeric_c.o(locale$$data)
    __lcnum_c_start                          0x08004eb0   Data           0  lc_numeric_c.o(locale$$data)
    __lcnum_c_point                          0x08004ebc   Data           0  lc_numeric_c.o(locale$$data)
    __lcnum_c_thousands                      0x08004ebe   Data           0  lc_numeric_c.o(locale$$data)
    __lcnum_c_grouping                       0x08004ebf   Data           0  lc_numeric_c.o(locale$$data)
    __lcnum_c_end                            0x08004ec0   Data           0  lc_numeric_c.o(locale$$data)
    .data                                    0x20000000   Section       12  stm32f10x_it.o(.data)
    .data                                    0x2000000c   Section        4  ds18b20.o(.data)
    fac_us                                   0x2000000c   Data           1  ds18b20.o(.data)
    fac_ms                                   0x2000000e   Data           2  ds18b20.o(.data)
    .data                                    0x20000010   Section        2  25lc512.o(.data)
    .data                                    0x20000014   Section        8  electronicscaledriver.o(.data)
    .data                                    0x2000001c   Section       20  stm32f10x_rcc.o(.data)
    APBAHBPrescTable                         0x2000001c   Data          16  stm32f10x_rcc.o(.data)
    ADCPrescTable                            0x2000002c   Data           4  stm32f10x_rcc.o(.data)
    .data                                    0x20000030   Section      400  main.o(.data)
    .bss                                     0x200001c0   Section       20  bsp.o(.bss)
    .bss                                     0x200001d4   Section       16  ads1220driver.o(.bss)
    .bss                                     0x200001e4   Section       51  main.o(.bss)
    .bss                                     0x20000218   Section       96  libspace.o(.bss)
    HEAP                                     0x20000278   Section      512  startup_stm32f10x_cl.o(HEAP)
    Heap_Mem                                 0x20000278   Data         512  startup_stm32f10x_cl.o(HEAP)
    STACK                                    0x20000478   Section     1024  startup_stm32f10x_cl.o(STACK)
    Stack_Mem                                0x20000478   Data        1024  startup_stm32f10x_cl.o(STACK)
    __initial_sp                             0x20000878   Data           0  startup_stm32f10x_cl.o(STACK)

    Global Symbols

    Symbol Name                              Value     Ov Type        Size  Object(Section)

    BuildAttributes$$THM_ISAv4$P$D$K$B$S$PE$A:L22UL41UL21$X:L11$S22US41US21$IEEE1$IW$USESV6$~STKCKD$USESV7$~SHL$OTIME$ROPI$IEEEJ$EBA8$UX$STANDARDLIB$REQ8$PRES8$EABIv2 0x00000000   Number         0  anon$$obj.o ABSOLUTE
    __ARM_use_no_argv                        0x00000000   Number         0  main.o ABSOLUTE
    _printf_flags                            0x00000000   Number         0  printf_stubs.o ABSOLUTE
    _printf_return_value                     0x00000000   Number         0  printf_stubs.o ABSOLUTE
    _printf_sizespec                         0x00000000   Number         0  printf_stubs.o ABSOLUTE
    _printf_widthprec                        0x00000000   Number         0  printf_stubs.o ABSOLUTE
    __ARM_exceptions_init                     - Undefined Weak Reference
    __alloca_initialize                       - Undefined Weak Reference
    __arm_preinit_                            - Undefined Weak Reference
    __cpp_initialize__aeabi_                  - Undefined Weak Reference
    __cxa_finalize                            - Undefined Weak Reference
    __sigvec_lookup                           - Undefined Weak Reference
    _atexit_init                              - Undefined Weak Reference
    _call_atexit_fns                          - Undefined Weak Reference
    _clock_init                               - Undefined Weak Reference
    _fp_trap_init                             - Undefined Weak Reference
    _fp_trap_shutdown                         - Undefined Weak Reference
    _get_lc_collate                           - Undefined Weak Reference
    _get_lc_monetary                          - Undefined Weak Reference
    _get_lc_time                              - Undefined Weak Reference
    _getenv_init                              - Undefined Weak Reference
    _handle_redirection                       - Undefined Weak Reference
    _init_alloc                               - Undefined Weak Reference
    _init_user_alloc                          - Undefined Weak Reference
    _initio                                   - Undefined Weak Reference
    _printf_fp_hex                            - Undefined Weak Reference
    _printf_mbtowc                            - Undefined Weak Reference
    _printf_wc                                - Undefined Weak Reference
    _rand_init                                - Undefined Weak Reference
    _signal_finish                            - Undefined Weak Reference
    _signal_init                              - Undefined Weak Reference
    _terminate_alloc                          - Undefined Weak Reference
    _terminate_user_alloc                     - Undefined Weak Reference
    _terminateio                              - Undefined Weak Reference
    __Vectors_Size                           0x00000150   Number         0  startup_stm32f10x_cl.o ABSOLUTE
    __Vectors                                0x08000000   Data           4  startup_stm32f10x_cl.o(RESET)
    __Vectors_End                            0x08000150   Data           0  startup_stm32f10x_cl.o(RESET)
    __main                                   0x08000151   Thumb Code     8  __main.o(!!!main)
    __scatterload                            0x08000159   Thumb Code     0  __scatter.o(!!!scatter)
    __scatterload_rt2                        0x08000159   Thumb Code    44  __scatter.o(!!!scatter)
    __scatterload_rt2_thumb_only             0x08000159   Thumb Code     0  __scatter.o(!!!scatter)
    __scatterload_null                       0x08000167   Thumb Code     0  __scatter.o(!!!scatter)
    __decompress                             0x0800018d   Thumb Code    90  __dczerorl2.o(!!dczerorl2)
    __decompress1                            0x0800018d   Thumb Code     0  __dczerorl2.o(!!dczerorl2)
    __scatterload_zeroinit                   0x080001e9   Thumb Code    28  __scatter_zi.o(!!handler_zi)
    _printf_f                                0x08000205   Thumb Code     0  _printf_f.o(.ARM.Collect$$_printf_percent$$00000003)
    _printf_percent                          0x08000205   Thumb Code     0  _printf_percent.o(.ARM.Collect$$_printf_percent$$00000000)
    _printf_d                                0x0800020b   Thumb Code     0  _printf_d.o(.ARM.Collect$$_printf_percent$$00000009)
    _printf_percent_end                      0x08000211   Thumb Code     0  _printf_percent_end.o(.ARM.Collect$$_printf_percent$$00000017)
    __rt_lib_init                            0x08000215   Thumb Code     0  libinit.o(.ARM.Collect$$libinit$$00000000)
    __rt_lib_init_fp_1                       0x08000217   Thumb Code     0  libinit2.o(.ARM.Collect$$libinit$$00000002)
    __rt_lib_init_heap_1                     0x08000217   Thumb Code     0  libinit2.o(.ARM.Collect$$libinit$$0000000A)
    __rt_lib_init_lc_common                  0x08000217   Thumb Code     0  libinit2.o(.ARM.Collect$$libinit$$0000000F)
    __rt_lib_init_preinit_1                  0x08000217   Thumb Code     0  libinit2.o(.ARM.Collect$$libinit$$00000004)
    __rt_lib_init_rand_1                     0x08000217   Thumb Code     0  libinit2.o(.ARM.Collect$$libinit$$0000000E)
    __rt_lib_init_user_alloc_1               0x08000217   Thumb Code     0  libinit2.o(.ARM.Collect$$libinit$$0000000C)
    __rt_lib_init_lc_collate_1               0x0800021d   Thumb Code     0  libinit2.o(.ARM.Collect$$libinit$$00000011)
    __rt_lib_init_lc_ctype_1                 0x0800021d   Thumb Code     0  libinit2.o(.ARM.Collect$$libinit$$00000013)
    __rt_lib_init_lc_monetary_1              0x0800021d   Thumb Code     0  libinit2.o(.ARM.Collect$$libinit$$00000015)
    __rt_lib_init_lc_numeric_2               0x0800021d   Thumb Code     0  libinit2.o(.ARM.Collect$$libinit$$00000016)
    __rt_lib_init_alloca_1                   0x08000227   Thumb Code     0  libinit2.o(.ARM.Collect$$libinit$$0000002E)
    __rt_lib_init_argv_1                     0x08000227   Thumb Code     0  libinit2.o(.ARM.Collect$$libinit$$0000002C)
    __rt_lib_init_atexit_1                   0x08000227   Thumb Code     0  libinit2.o(.ARM.Collect$$libinit$$0000001B)
    __rt_lib_init_clock_1                    0x08000227   Thumb Code     0  libinit2.o(.ARM.Collect$$libinit$$00000021)
    __rt_lib_init_cpp_1                      0x08000227   Thumb Code     0  libinit2.o(.ARM.Collect$$libinit$$00000032)
    __rt_lib_init_exceptions_1               0x08000227   Thumb Code     0  libinit2.o(.ARM.Collect$$libinit$$00000030)
    __rt_lib_init_fp_trap_1                  0x08000227   Thumb Code     0  libinit2.o(.ARM.Collect$$libinit$$0000001F)
    __rt_lib_init_getenv_1                   0x08000227   Thumb Code     0  libinit2.o(.ARM.Collect$$libinit$$00000023)
    __rt_lib_init_lc_numeric_1               0x08000227   Thumb Code     0  libinit2.o(.ARM.Collect$$libinit$$00000017)
    __rt_lib_init_lc_time_1                  0x08000227   Thumb Code     0  libinit2.o(.ARM.Collect$$libinit$$00000019)
    __rt_lib_init_return                     0x08000227   Thumb Code     0  libinit2.o(.ARM.Collect$$libinit$$00000033)
    __rt_lib_init_signal_1                   0x08000227   Thumb Code     0  libinit2.o(.ARM.Collect$$libinit$$0000001D)
    __rt_lib_init_stdio_1                    0x08000227   Thumb Code     0  libinit2.o(.ARM.Collect$$libinit$$00000025)
    __rt_lib_shutdown                        0x08000229   Thumb Code     0  libshutdown.o(.ARM.Collect$$libshutdown$$00000000)
    __rt_lib_shutdown_cpp_1                  0x0800022b   Thumb Code     0  libshutdown2.o(.ARM.Collect$$libshutdown$$00000002)
    __rt_lib_shutdown_fp_trap_1              0x0800022b   Thumb Code     0  libshutdown2.o(.ARM.Collect$$libshutdown$$00000007)
    __rt_lib_shutdown_heap_1                 0x0800022b   Thumb Code     0  libshutdown2.o(.ARM.Collect$$libshutdown$$0000000F)
    __rt_lib_shutdown_return                 0x0800022b   Thumb Code     0  libshutdown2.o(.ARM.Collect$$libshutdown$$00000010)
    __rt_lib_shutdown_signal_1               0x0800022b   Thumb Code     0  libshutdown2.o(.ARM.Collect$$libshutdown$$0000000A)
    __rt_lib_shutdown_stdio_1                0x0800022b   Thumb Code     0  libshutdown2.o(.ARM.Collect$$libshutdown$$00000004)
    __rt_lib_shutdown_user_alloc_1           0x0800022b   Thumb Code     0  libshutdown2.o(.ARM.Collect$$libshutdown$$0000000C)
    __rt_entry                               0x0800022d   Thumb Code     0  __rtentry.o(.ARM.Collect$$rtentry$$00000000)
    __rt_entry_presh_1                       0x0800022d   Thumb Code     0  __rtentry2.o(.ARM.Collect$$rtentry$$00000002)
    __rt_entry_sh                            0x0800022d   Thumb Code     0  __rtentry4.o(.ARM.Collect$$rtentry$$00000004)
    __rt_entry_li                            0x08000233   Thumb Code     0  __rtentry2.o(.ARM.Collect$$rtentry$$0000000A)
    __rt_entry_postsh_1                      0x08000233   Thumb Code     0  __rtentry2.o(.ARM.Collect$$rtentry$$00000009)
    __rt_entry_main                          0x08000237   Thumb Code     0  __rtentry2.o(.ARM.Collect$$rtentry$$0000000D)
    __rt_entry_postli_1                      0x08000237   Thumb Code     0  __rtentry2.o(.ARM.Collect$$rtentry$$0000000C)
    __rt_exit                                0x0800023f   Thumb Code     0  rtexit.o(.ARM.Collect$$rtexit$$00000000)
    __rt_exit_ls                             0x08000241   Thumb Code     0  rtexit2.o(.ARM.Collect$$rtexit$$00000003)
    __rt_exit_prels_1                        0x08000241   Thumb Code     0  rtexit2.o(.ARM.Collect$$rtexit$$00000002)
    __rt_exit_exit                           0x08000245   Thumb Code     0  rtexit2.o(.ARM.Collect$$rtexit$$00000004)
    Reset_Handler                            0x0800024d   Thumb Code     8  startup_stm32f10x_cl.o(.text)
    ADC1_2_IRQHandler                        0x08000267   Thumb Code     0  startup_stm32f10x_cl.o(.text)
    CAN1_RX0_IRQHandler                      0x08000267   Thumb Code     0  startup_stm32f10x_cl.o(.text)
    CAN1_RX1_IRQHandler                      0x08000267   Thumb Code     0  startup_stm32f10x_cl.o(.text)
    CAN1_SCE_IRQHandler                      0x08000267   Thumb Code     0  startup_stm32f10x_cl.o(.text)
    CAN1_TX_IRQHandler                       0x08000267   Thumb Code     0  startup_stm32f10x_cl.o(.text)
    CAN2_RX0_IRQHandler                      0x08000267   Thumb Code     0  startup_stm32f10x_cl.o(.text)
    CAN2_RX1_IRQHandler                      0x08000267   Thumb Code     0  startup_stm32f10x_cl.o(.text)
    CAN2_SCE_IRQHandler                      0x08000267   Thumb Code     0  startup_stm32f10x_cl.o(.text)
    CAN2_TX_IRQHandler                       0x08000267   Thumb Code     0  startup_stm32f10x_cl.o(.text)
    DMA1_Channel1_IRQHandler                 0x08000267   Thumb Code     0  startup_stm32f10x_cl.o(.text)
    DMA1_Channel2_IRQHandler                 0x08000267   Thumb Code     0  startup_stm32f10x_cl.o(.text)
    DMA1_Channel3_IRQHandler                 0x08000267   Thumb Code     0  startup_stm32f10x_cl.o(.text)
    DMA1_Channel4_IRQHandler                 0x08000267   Thumb Code     0  startup_stm32f10x_cl.o(.text)
    DMA1_Channel5_IRQHandler                 0x08000267   Thumb Code     0  startup_stm32f10x_cl.o(.text)
    DMA1_Channel6_IRQHandler                 0x08000267   Thumb Code     0  startup_stm32f10x_cl.o(.text)
    DMA1_Channel7_IRQHandler                 0x08000267   Thumb Code     0  startup_stm32f10x_cl.o(.text)
    DMA2_Channel1_IRQHandler                 0x08000267   Thumb Code     0  startup_stm32f10x_cl.o(.text)
    DMA2_Channel2_IRQHandler                 0x08000267   Thumb Code     0  startup_stm32f10x_cl.o(.text)
    DMA2_Channel3_IRQHandler                 0x08000267   Thumb Code     0  startup_stm32f10x_cl.o(.text)
    DMA2_Channel4_IRQHandler                 0x08000267   Thumb Code     0  startup_stm32f10x_cl.o(.text)
    DMA2_Channel5_IRQHandler                 0x08000267   Thumb Code     0  startup_stm32f10x_cl.o(.text)
    ETH_IRQHandler                           0x08000267   Thumb Code     0  startup_stm32f10x_cl.o(.text)
    ETH_WKUP_IRQHandler                      0x08000267   Thumb Code     0  startup_stm32f10x_cl.o(.text)
    EXTI0_IRQHandler                         0x08000267   Thumb Code     0  startup_stm32f10x_cl.o(.text)
    EXTI15_10_IRQHandler                     0x08000267   Thumb Code     0  startup_stm32f10x_cl.o(.text)
    EXTI1_IRQHandler                         0x08000267   Thumb Code     0  startup_stm32f10x_cl.o(.text)
    EXTI2_IRQHandler                         0x08000267   Thumb Code     0  startup_stm32f10x_cl.o(.text)
    EXTI3_IRQHandler                         0x08000267   Thumb Code     0  startup_stm32f10x_cl.o(.text)
    EXTI4_IRQHandler                         0x08000267   Thumb Code     0  startup_stm32f10x_cl.o(.text)
    EXTI9_5_IRQHandler                       0x08000267   Thumb Code     0  startup_stm32f10x_cl.o(.text)
    FLASH_IRQHandler                         0x08000267   Thumb Code     0  startup_stm32f10x_cl.o(.text)
    I2C1_ER_IRQHandler                       0x08000267   Thumb Code     0  startup_stm32f10x_cl.o(.text)
    I2C1_EV_IRQHandler                       0x08000267   Thumb Code     0  startup_stm32f10x_cl.o(.text)
    I2C2_ER_IRQHandler                       0x08000267   Thumb Code     0  startup_stm32f10x_cl.o(.text)
    I2C2_EV_IRQHandler                       0x08000267   Thumb Code     0  startup_stm32f10x_cl.o(.text)
    OTG_FS_IRQHandler                        0x08000267   Thumb Code     0  startup_stm32f10x_cl.o(.text)
    OTG_FS_WKUP_IRQHandler                   0x08000267   Thumb Code     0  startup_stm32f10x_cl.o(.text)
    PVD_IRQHandler                           0x08000267   Thumb Code     0  startup_stm32f10x_cl.o(.text)
    RCC_IRQHandler                           0x08000267   Thumb Code     0  startup_stm32f10x_cl.o(.text)
    RTCAlarm_IRQHandler                      0x08000267   Thumb Code     0  startup_stm32f10x_cl.o(.text)
    RTC_IRQHandler                           0x08000267   Thumb Code     0  startup_stm32f10x_cl.o(.text)
    SPI1_IRQHandler                          0x08000267   Thumb Code     0  startup_stm32f10x_cl.o(.text)
    SPI2_IRQHandler                          0x08000267   Thumb Code     0  startup_stm32f10x_cl.o(.text)
    SPI3_IRQHandler                          0x08000267   Thumb Code     0  startup_stm32f10x_cl.o(.text)
    TAMPER_IRQHandler                        0x08000267   Thumb Code     0  startup_stm32f10x_cl.o(.text)
    TIM1_BRK_IRQHandler                      0x08000267   Thumb Code     0  startup_stm32f10x_cl.o(.text)
    TIM1_CC_IRQHandler                       0x08000267   Thumb Code     0  startup_stm32f10x_cl.o(.text)
    TIM1_TRG_COM_IRQHandler                  0x08000267   Thumb Code     0  startup_stm32f10x_cl.o(.text)
    TIM1_UP_IRQHandler                       0x08000267   Thumb Code     0  startup_stm32f10x_cl.o(.text)
    TIM5_IRQHandler                          0x08000267   Thumb Code     0  startup_stm32f10x_cl.o(.text)
    TIM6_IRQHandler                          0x08000267   Thumb Code     0  startup_stm32f10x_cl.o(.text)
    TIM7_IRQHandler                          0x08000267   Thumb Code     0  startup_stm32f10x_cl.o(.text)
    UART4_IRQHandler                         0x08000267   Thumb Code     0  startup_stm32f10x_cl.o(.text)
    UART5_IRQHandler                         0x08000267   Thumb Code     0  startup_stm32f10x_cl.o(.text)
    USART1_IRQHandler                        0x08000267   Thumb Code     0  startup_stm32f10x_cl.o(.text)
    USART2_IRQHandler                        0x08000267   Thumb Code     0  startup_stm32f10x_cl.o(.text)
    USART3_IRQHandler                        0x08000267   Thumb Code     0  startup_stm32f10x_cl.o(.text)
    WWDG_IRQHandler                          0x08000267   Thumb Code     0  startup_stm32f10x_cl.o(.text)
    __user_initial_stackheap                 0x08000269   Thumb Code     0  startup_stm32f10x_cl.o(.text)
    __2sprintf                               0x0800028d   Thumb Code    38  __2sprintf.o(.text)
    _printf_pre_padding                      0x080002b9   Thumb Code    44  _printf_pad.o(.text)
    _printf_post_padding                     0x080002e5   Thumb Code    34  _printf_pad.o(.text)
    _printf_int_dec                          0x08000309   Thumb Code   104  _printf_dec.o(.text)
    __printf                                 0x08000381   Thumb Code   388  __printf_flags_ss_wp.o(.text)
    __use_two_region_memory                  0x08000509   Thumb Code     2  heapauxi.o(.text)
    __rt_heap_escrow$2region                 0x0800050b   Thumb Code     2  heapauxi.o(.text)
    __rt_heap_expand$2region                 0x0800050d   Thumb Code     2  heapauxi.o(.text)
    _printf_int_common                       0x0800050f   Thumb Code   178  _printf_intcommon.o(.text)
    __lib_sel_fp_printf                      0x080005c1   Thumb Code     2  _printf_fp_dec.o(.text)
    _printf_fp_dec_real                      0x08000773   Thumb Code   620  _printf_fp_dec.o(.text)
    _printf_char_common                      0x080009eb   Thumb Code    32  _printf_char_common.o(.text)
    _sputc                                   0x08000a11   Thumb Code    10  _sputc.o(.text)
    __rt_locale                              0x08000a1d   Thumb Code     8  rt_locale_intlibspace.o(.text)
    _ll_udiv10                               0x08000a25   Thumb Code   138  lludiv10.o(.text)
    _printf_fp_infnan                        0x08000ab1   Thumb Code   112  _printf_fp_infnan.o(.text)
    _btod_etento                             0x08000b31   Thumb Code   224  bigflt0.o(.text)
    __user_libspace                          0x08000c15   Thumb Code     8  libspace.o(.text)
    __user_perproc_libspace                  0x08000c15   Thumb Code     0  libspace.o(.text)
    __user_perthread_libspace                0x08000c15   Thumb Code     0  libspace.o(.text)
    __user_setup_stackheap                   0x08000c1d   Thumb Code    74  sys_stackheap_outer.o(.text)
    exit                                     0x08000c67   Thumb Code    18  exit.o(.text)
    strcmp                                   0x08000c79   Thumb Code   128  strcmpv7m.o(.text)
    _sys_exit                                0x08000cf9   Thumb Code     8  sys_exit.o(.text)
    __I$use$semihosting                      0x08000d05   Thumb Code     0  use_no_semi.o(.text)
    __use_no_semihosting_swi                 0x08000d05   Thumb Code     2  use_no_semi.o(.text)
    __semihosting_library_function           0x08000d07   Thumb Code     0  indicate_semi.o(.text)
    _btod_d2e                                0x08000d07   Thumb Code    62  btod.o(CL$$btod_d2e)
    _d2e_denorm_low                          0x08000d45   Thumb Code    70  btod.o(CL$$btod_d2e_denorm_low)
    _d2e_norm_op1                            0x08000d8b   Thumb Code    96  btod.o(CL$$btod_d2e_norm_op1)
    __btod_div_common                        0x08000deb   Thumb Code   696  btod.o(CL$$btod_div_common)
    _e2e                                     0x08001123   Thumb Code   220  btod.o(CL$$btod_e2e)
    _btod_ediv                               0x080011ff   Thumb Code    42  btod.o(CL$$btod_ediv)
    _btod_emul                               0x08001229   Thumb Code    42  btod.o(CL$$btod_emul)
    __btod_mult_common                       0x08001253   Thumb Code   580  btod.o(CL$$btod_mult_common)
    ADS1220_Init                             0x08001499   Thumb Code   142  ads1220driver.o(i.ADS1220_Init)
    ADS1220_RESET                            0x0800152d   Thumb Code    38  ads1220driver.o(i.ADS1220_RESET)
    ADS1220_Read_Reg                         0x08001559   Thumb Code    52  ads1220driver.o(i.ADS1220_Read_Reg)
    ADS1220_START                            0x08001591   Thumb Code    38  ads1220driver.o(i.ADS1220_START)
    ADS1220_Swap_Data                        0x080015bd   Thumb Code   108  ads1220driver.o(i.ADS1220_Swap_Data)
    ADS1220_UPDATE_Data                      0x08001631   Thumb Code   152  ads1220driver.o(i.ADS1220_UPDATE_Data)
    ADS1220_Write_Reg                        0x080016e9   Thumb Code    48  ads1220driver.o(i.ADS1220_Write_Reg)
    BSP_Init                                 0x080019ad   Thumb Code    24  bsp.o(i.BSP_Init)
    BusFault_Handler                         0x08001b8d   Thumb Code     4  stm32f10x_it.o(i.BusFault_Handler)
    CueBaseMenu                              0x08001b91   Thumb Code   270  main.o(i.CueBaseMenu)
    CueCalibrationOFF                        0x08001cdd   Thumb Code    26  main.o(i.CueCalibrationOFF)
    CueCalibrationON                         0x08001cfd   Thumb Code   110  main.o(i.CueCalibrationON)
    CueSettingMenu1                          0x08001d91   Thumb Code   196  main.o(i.CueSettingMenu1)
    CueSettingMenu2                          0x08001e89   Thumb Code   192  main.o(i.CueSettingMenu2)
    CursorOff                                0x08001f85   Thumb Code    10  main.o(i.CursorOff)
    CursorOn                                 0x08001f8f   Thumb Code    10  main.o(i.CursorOn)
    DMA_Cmd                                  0x08001f99   Thumb Code    24  stm32f10x_dma.o(i.DMA_Cmd)
    DMA_Init                                 0x08001fb1   Thumb Code    60  stm32f10x_dma.o(i.DMA_Init)
    DS18B20_Check                            0x08001fed   Thumb Code    92  ds18b20.o(i.DS18B20_Check)
    DS18B20_Init                             0x08002051   Thumb Code    12  ds18b20.o(i.DS18B20_Init)
    DS18B20_Rst                              0x0800205d   Thumb Code    54  ds18b20.o(i.DS18B20_Rst)
    DebugMon_Handler                         0x080020a1   Thumb Code     2  stm32f10x_it.o(i.DebugMon_Handler)
    EEPROM_Continute_Read                    0x080020a5   Thumb Code    88  25lc512.o(i.EEPROM_Continute_Read)
    EEPROM_Continute_Write                   0x08002101   Thumb Code    38  25lc512.o(i.EEPROM_Continute_Write)
    EEPROM_Get_ID                            0x08002129   Thumb Code    58  25lc512.o(i.EEPROM_Get_ID)
    EEPROM_Write_Data                        0x08002189   Thumb Code    78  25lc512.o(i.EEPROM_Write_Data)
    EEPROM_Write_Enable                      0x080021e1   Thumb Code    36  25lc512.o(i.EEPROM_Write_Enable)
    ElectronicScaleGetData                   0x0800220d   Thumb Code   104  electronicscaledriver.o(i.ElectronicScaleGetData)
    GPIO_Init                                0x08002279   Thumb Code   278  stm32f10x_gpio.o(i.GPIO_Init)
    GPIO_PinRemapConfig                      0x08002391   Thumb Code   138  stm32f10x_gpio.o(i.GPIO_PinRemapConfig)
    GPIO_ReadInputDataBit                    0x08002421   Thumb Code    18  stm32f10x_gpio.o(i.GPIO_ReadInputDataBit)
    GPIO_ResetBits                           0x08002433   Thumb Code     4  stm32f10x_gpio.o(i.GPIO_ResetBits)
    GPIO_SetBits                             0x08002437   Thumb Code     4  stm32f10x_gpio.o(i.GPIO_SetBits)
    GPIO_WriteBit                            0x0800243b   Thumb Code    10  stm32f10x_gpio.o(i.GPIO_WriteBit)
    GetKey                                   0x08002445   Thumb Code    90  easy_driver.o(i.GetKey)
    HardFault_Handler                        0x080024a5   Thumb Code     4  stm32f10x_it.o(i.HardFault_Handler)
    J_LCD_Init                               0x080024a9   Thumb Code    38  j12864driver.o(i.J_LCD_Init)
    J_LCD_RESET                              0x080024d1   Thumb Code    36  j12864driver.o(i.J_LCD_RESET)
    MeasureAction                            0x08002535   Thumb Code   540  main.o(i.MeasureAction)
    MemManage_Handler                        0x08002799   Thumb Code     4  stm32f10x_it.o(i.MemManage_Handler)
    NMI_Handler                              0x0800279d   Thumb Code     2  stm32f10x_it.o(i.NMI_Handler)
    NVIC_Init                                0x080027a1   Thumb Code   100  misc.o(i.NVIC_Init)
    NVIC_PriorityGroupConfig                 0x08002811   Thumb Code    10  misc.o(i.NVIC_PriorityGroupConfig)
    PendSV_Handler                           0x08002825   Thumb Code     2  stm32f10x_it.o(i.PendSV_Handler)
    Peripheral_Init_And_SelfCheck            0x08002829   Thumb Code   196  main.o(i.Peripheral_Init_And_SelfCheck)
    RCC_AHBPeriphClockCmd                    0x08002921   Thumb Code    26  stm32f10x_rcc.o(i.RCC_AHBPeriphClockCmd)
    RCC_APB1PeriphClockCmd                   0x08002941   Thumb Code    26  stm32f10x_rcc.o(i.RCC_APB1PeriphClockCmd)
    RCC_APB2PeriphClockCmd                   0x08002961   Thumb Code    26  stm32f10x_rcc.o(i.RCC_APB2PeriphClockCmd)
    RCC_GetClocksFreq                        0x08002981   Thumb Code   192  stm32f10x_rcc.o(i.RCC_GetClocksFreq)
    RelayControl                             0x08002a55   Thumb Code    56  easy_driver.o(i.RelayControl)
    SPIWR                                    0x08002a91   Thumb Code    38  j12864driver.o(i.SPIWR)
    SPI_Cmd                                  0x08002ab7   Thumb Code    24  stm32f10x_spi.o(i.SPI_Cmd)
    SPI_I2S_GetFlagStatus                    0x08002acf   Thumb Code    18  stm32f10x_spi.o(i.SPI_I2S_GetFlagStatus)
    SPI_I2S_ReceiveData                      0x08002ae1   Thumb Code     6  stm32f10x_spi.o(i.SPI_I2S_ReceiveData)
    SPI_I2S_SendData                         0x08002ae7   Thumb Code     4  stm32f10x_spi.o(i.SPI_I2S_SendData)
    SPI_Init                                 0x08002aeb   Thumb Code    60  stm32f10x_spi.o(i.SPI_Init)
    SVC_Handler                              0x08002b27   Thumb Code     2  stm32f10x_it.o(i.SVC_Handler)
    ScaleInit                                0x08002b29   Thumb Code    26  electronicscaledriver.o(i.ScaleInit)
    ScaleSetToZero                           0x08002b45   Thumb Code    36  electronicscaledriver.o(i.ScaleSetToZero)
    SendByteLCD                              0x08002b6d   Thumb Code    70  j12864driver.o(i.SendByteLCD)
    Short_Delay                              0x08002cf3   Thumb Code    18  j12864driver.o(i.Short_Delay)
    ShowEngChar                              0x08002d05   Thumb Code    38  j12864driver.o(i.ShowEngChar)
    ShowQQChar                               0x08002d2b   Thumb Code    52  j12864driver.o(i.ShowQQChar)
    SysTick_CLKSourceConfig                  0x08002d5f   Thumb Code    40  misc.o(i.SysTick_CLKSourceConfig)
    SysTick_Handler                          0x08002d87   Thumb Code     2  stm32f10x_it.o(i.SysTick_Handler)
    SystemInit                               0x08002d89   Thumb Code    78  system_stm32f10x.o(i.SystemInit)
    TIM2_IRQHandler                          0x08002de9   Thumb Code    32  stm32f10x_it.o(i.TIM2_IRQHandler)
    TIM3_IRQHandler                          0x08002e0d   Thumb Code   130  stm32f10x_it.o(i.TIM3_IRQHandler)
    TIM4_IRQHandler                          0x08002ea9   Thumb Code    26  stm32f10x_it.o(i.TIM4_IRQHandler)
    TIM_ClearITPendingBit                    0x08002ec9   Thumb Code     6  stm32f10x_tim.o(i.TIM_ClearITPendingBit)
    TIM_Cmd                                  0x08002ecf   Thumb Code    24  stm32f10x_tim.o(i.TIM_Cmd)
    TIM_GetITStatus                          0x08002ee7   Thumb Code    34  stm32f10x_tim.o(i.TIM_GetITStatus)
    TIM_ITConfig                             0x08002f09   Thumb Code    18  stm32f10x_tim.o(i.TIM_ITConfig)
    TIM_TimeBaseInit                         0x08002f1d   Thumb Code   122  stm32f10x_tim.o(i.TIM_TimeBaseInit)
    USART_Cmd                                0x08002fc1   Thumb Code    24  stm32f10x_usart.o(i.USART_Cmd)
    USART_DMACmd                             0x08002fd9   Thumb Code    18  stm32f10x_usart.o(i.USART_DMACmd)
    USART_Init                               0x08002fed   Thumb Code   210  stm32f10x_usart.o(i.USART_Init)
    UntilKeyRelease                          0x080030c5   Thumb Code    18  main.o(i.UntilKeyRelease)
    UpdateScaleData                          0x080030d9   Thumb Code   196  electronicscaledriver.o(i.UpdateScaleData)
    UsageFault_Handler                       0x080031ad   Thumb Code     4  stm32f10x_it.o(i.UsageFault_Handler)
    WRCommand                                0x080031b1   Thumb Code    40  j12864driver.o(i.WRCommand)
    WRData                                   0x080031dd   Thumb Code    34  j12864driver.o(i.WRData)
    __ARM_fpclassify                         0x08003205   Thumb Code    40  fpclassify.o(i.__ARM_fpclassify)
    _is_digit                                0x0800322d   Thumb Code    14  __printf_wp.o(i._is_digit)
    bsp_delay100ms                           0x0800323b   Thumb Code    70  bsp.o(i.bsp_delay100ms)
    bsp_delayms                              0x08003281   Thumb Code    12  bsp.o(i.bsp_delayms)
    delay_init                               0x0800328d   Thumb Code    52  ds18b20.o(i.delay_init)
    delay_ms                                 0x080032c9   Thumb Code    56  ds18b20.o(i.delay_ms)
    delay_us                                 0x08003301   Thumb Code    72  ds18b20.o(i.delay_us)
    delay_xms                                0x0800334d   Thumb Code    72  ds18b20.o(i.delay_xms)
    fun_spiSwap                              0x08003399   Thumb Code    52  bsp.o(i.fun_spiSwap)
    main                                     0x080033cd   Thumb Code  2546  main.o(i.main)
    _get_lc_numeric                          0x08003e05   Thumb Code    44  lc_numeric_c.o(locale$$code)
    __aeabi_d2f                              0x08003e31   Thumb Code     0  d2f.o(x$fpl$d2f)
    _d2f                                     0x08003e31   Thumb Code    98  d2f.o(x$fpl$d2f)
    __aeabi_dadd                             0x08003e95   Thumb Code     0  daddsub_clz.o(x$fpl$dadd)
    _dadd                                    0x08003e95   Thumb Code   332  daddsub_clz.o(x$fpl$dadd)
    __aeabi_ddiv                             0x08003fe5   Thumb Code     0  ddiv.o(x$fpl$ddiv)
    _ddiv                                    0x08003fe5   Thumb Code   552  ddiv.o(x$fpl$ddiv)
    __aeabi_d2iz                             0x08004295   Thumb Code     0  dfix.o(x$fpl$dfix)
    _dfix                                    0x08004295   Thumb Code    94  dfix.o(x$fpl$dfix)
    __aeabi_d2uiz                            0x080042f5   Thumb Code     0  dfixu.o(x$fpl$dfixu)
    _dfixu                                   0x080042f5   Thumb Code    90  dfixu.o(x$fpl$dfixu)
    __aeabi_ui2d                             0x0800434f   Thumb Code     0  dflt_clz.o(x$fpl$dfltu)
    _dfltu                                   0x0800434f   Thumb Code    38  dflt_clz.o(x$fpl$dfltu)
    __aeabi_dmul                             0x08004375   Thumb Code     0  dmul.o(x$fpl$dmul)
    _dmul                                    0x08004375   Thumb Code   332  dmul.o(x$fpl$dmul)
    __fpl_dnaninf                            0x080044c9   Thumb Code   156  dnaninf.o(x$fpl$dnaninf)
    __fpl_dretinf                            0x08004565   Thumb Code    12  dretinf.o(x$fpl$dretinf)
    __aeabi_dsub                             0x08004571   Thumb Code     0  daddsub_clz.o(x$fpl$dsub)
    _dsub                                    0x08004571   Thumb Code   464  daddsub_clz.o(x$fpl$dsub)
    __aeabi_f2d                              0x08004745   Thumb Code     0  f2d.o(x$fpl$f2d)
    _f2d                                     0x08004745   Thumb Code    86  f2d.o(x$fpl$f2d)
    __aeabi_fadd                             0x0800479d   Thumb Code     0  faddsub_clz.o(x$fpl$fadd)
    _fadd                                    0x0800479d   Thumb Code   196  faddsub_clz.o(x$fpl$fadd)
    __fpl_fcmp_Inf                           0x08004861   Thumb Code    24  fcmpi.o(x$fpl$fcmpinf)
    __aeabi_fdiv                             0x08004879   Thumb Code     0  fdiv.o(x$fpl$fdiv)
    _fdiv                                    0x08004879   Thumb Code   384  fdiv.o(x$fpl$fdiv)
    __aeabi_f2iz                             0x080049fd   Thumb Code     0  ffix.o(x$fpl$ffix)
    _ffix                                    0x080049fd   Thumb Code    54  ffix.o(x$fpl$ffix)
    __aeabi_i2f                              0x08004a35   Thumb Code     0  fflt_clz.o(x$fpl$fflt)
    _fflt                                    0x08004a35   Thumb Code    48  fflt_clz.o(x$fpl$fflt)
    __aeabi_ui2f                             0x08004a65   Thumb Code     0  fflt_clz.o(x$fpl$ffltu)
    _ffltu                                   0x08004a65   Thumb Code    38  fflt_clz.o(x$fpl$ffltu)
    __aeabi_cfcmple                          0x08004a8d   Thumb Code     0  fleqf.o(x$fpl$fleqf)
    _fcmple                                  0x08004a8d   Thumb Code   104  fleqf.o(x$fpl$fleqf)
    __fpl_fcmple_InfNaN                      0x08004adf   Thumb Code     0  fleqf.o(x$fpl$fleqf)
    __aeabi_fmul                             0x08004af5   Thumb Code     0  fmul.o(x$fpl$fmul)
    _fmul                                    0x08004af5   Thumb Code   258  fmul.o(x$fpl$fmul)
    __fpl_fnaninf                            0x08004bf7   Thumb Code   140  fnaninf.o(x$fpl$fnaninf)
    __fpl_fretinf                            0x08004c83   Thumb Code    10  fretinf.o(x$fpl$fretinf)
    __aeabi_cfrcmple                         0x08004c8d   Thumb Code     0  frleqf.o(x$fpl$frleqf)
    _frcmple                                 0x08004c8d   Thumb Code    98  frleqf.o(x$fpl$frleqf)
    __aeabi_fsub                             0x08004cf1   Thumb Code     0  faddsub_clz.o(x$fpl$fsub)
    _fsub                                    0x08004cf1   Thumb Code   234  faddsub_clz.o(x$fpl$fsub)
    _printf_fp_dec                           0x08004ddb   Thumb Code     4  printf1.o(x$fpl$printf1)
    __I$use$fp                               0x08004dde   Number         0  usenofp.o(x$fpl$usenofp)
    Region$$Table$$Base                      0x08004e84   Number         0  anon$$obj.o(Region$$Table)
    Region$$Table$$Limit                     0x08004ea4   Number         0  anon$$obj.o(Region$$Table)
    voltage_filter_Factor32                  0x20000000   Data           4  stm32f10x_it.o(.data)
    voltage_diff32                           0x20000004   Data           4  stm32f10x_it.o(.data)
    voltage_diff32_last                      0x20000008   Data           4  stm32f10x_it.o(.data)
    eeprom_param                             0x20000010   Data           2  25lc512.o(.data)
    Scale_Data                               0x20000014   Data           8  electronicscaledriver.o(.data)
    main_k                                   0x20000030   Data           8  main.o(.data)
    main_get_key                             0x20000038   Data           1  main.o(.data)
    menu_page                                0x20000039   Data           1  main.o(.data)
    menu_page_last                           0x2000003a   Data           1  main.o(.data)
    menu_force_update                        0x2000003b   Data           1  main.o(.data)
    ds18b20_state                            0x2000003c   Data           1  main.o(.data)
    eeprom_state                             0x2000003d   Data           1  main.o(.data)
    ads1220_state                            0x2000003e   Data           1  main.o(.data)
    init_char_1                              0x2000003f   Data          15  main.o(.data)
    init_char_2                              0x2000004e   Data          18  main.o(.data)
    init_char_3                              0x20000060   Data          14  main.o(.data)
    init_char_4                              0x2000006e   Data          17  main.o(.data)
    init_char_5                              0x2000007f   Data          13  main.o(.data)
    init_char_6                              0x2000008c   Data          13  main.o(.data)
    init_char_7                              0x20000099   Data          15  main.o(.data)
    init_char_8                              0x200000a8   Data          14  main.o(.data)
    init_char_9                              0x200000b6   Data          14  main.o(.data)
    setting_menu_char_1                      0x200000c4   Data          17  main.o(.data)
    setting_menu_char_2                      0x200000d5   Data          17  main.o(.data)
    setting_menu_char_3                      0x200000e6   Data           7  main.o(.data)
    setting_menu_relay_A_time                0x200000ed   Data           5  main.o(.data)
    setting_menu_relay_B_time                0x200000f2   Data           5  main.o(.data)
    relay_A_time                             0x200000f8   Data           2  main.o(.data)
    relay_B_time                             0x200000fa   Data           2  main.o(.data)
    setting_menu_temp1                       0x200000fc   Data           8  main.o(.data)
    setting_menu_cursor_1                    0x20000104   Data           1  main.o(.data)
    setting_menu_char_4                      0x20000105   Data          11  main.o(.data)
    setting_menu_char_5                      0x20000110   Data          11  main.o(.data)
    setting_menu_stable_time                 0x2000011b   Data           5  main.o(.data)
    stable_time                              0x20000120   Data           2  main.o(.data)
    setting_menu_counter                     0x20000122   Data           5  main.o(.data)
    record_counter                           0x20000128   Data           2  main.o(.data)
    setting_menu_temp2                       0x2000012a   Data          12  main.o(.data)
    setting_menu_cursor_2                    0x20000136   Data           1  main.o(.data)
    start_menu_char_1                        0x20000137   Data          11  main.o(.data)
    start_menu_char_2                        0x20000142   Data          11  main.o(.data)
    start_menu_char_3                        0x2000014d   Data          11  main.o(.data)
    start_menu_char_4                        0x20000158   Data           5  main.o(.data)
    start_menu_char_5                        0x2000015d   Data           3  main.o(.data)
    start_menu_char_6                        0x20000160   Data           7  main.o(.data)
    start_menu_delay                         0x20000168   Data           6  main.o(.data)
    measure_data                             0x2000016e   Data           2  main.o(.data)
    calibration_menu_char_1                  0x20000170   Data          11  main.o(.data)
    calibration_menu_char_2                  0x2000017b   Data          11  main.o(.data)
    calibration_menu_char_3                  0x20000186   Data           3  main.o(.data)
    calibration_k                            0x2000018c   Data           4  main.o(.data)
    calibration_estimate                     0x20000190   Data           4  main.o(.data)
    calibration_estimate_char                0x20000194   Data           6  main.o(.data)
    calibration_temp                         0x2000019a   Data           4  main.o(.data)
    calibration_cursor                       0x2000019e   Data           1  main.o(.data)
    estimate_sumup                           0x200001a0   Data           8  main.o(.data)
    estimate_ave                             0x200001a8   Data           8  main.o(.data)
    estimate_char                            0x200001b0   Data           7  main.o(.data)
    cal_k                                    0x200001b8   Data           4  main.o(.data)
    measure_start_get_key                    0x200001bc   Data           1  main.o(.data)
    counter_f                                0x200001be   Data           2  main.o(.data)
    bspdata                                  0x200001c0   Data          20  bsp.o(.bss)
    adsdata                                  0x200001d4   Data          16  ads1220driver.o(.bss)
    main_setting_store                       0x200001e4   Data          12  main.o(.bss)
    maindata                                 0x200001f0   Data          24  main.o(.bss)
    start_menu_delay_disp                    0x20000208   Data          15  main.o(.bss)
    __libspace_start                         0x20000218   Data          96  libspace.o(.bss)
    __temporary_stack_top$libspace           0x20000278   Data           0  libspace.o(.bss)



==============================================================================

Memory Map of the image

  Image Entry point : 0x08000151

  Load Region LR_IROM1 (Base: 0x08000000, Size: 0x00005080, Max: 0x00010000, ABSOLUTE, COMPRESSED[0x00004fbc])

    Execution Region ER_IROM1 (Exec base: 0x08000000, Load base: 0x08000000, Size: 0x00004ec0, Max: 0x00010000, ABSOLUTE)

    Exec Addr    Load Addr    Size         Type   Attr      Idx    E Section Name        Object

    0x08000000   0x08000000   0x00000150   Data   RO          132    RESET               startup_stm32f10x_cl.o
    0x08000150   0x08000150   0x00000008   Code   RO         3044  * !!!main             c_w.l(__main.o)
    0x08000158   0x08000158   0x00000034   Code   RO         3395    !!!scatter          c_w.l(__scatter.o)
    0x0800018c   0x0800018c   0x0000005a   Code   RO         3393    !!dczerorl2         c_w.l(__dczerorl2.o)
    0x080001e6   0x080001e6   0x00000002   PAD
    0x080001e8   0x080001e8   0x0000001c   Code   RO         3397    !!handler_zi        c_w.l(__scatter_zi.o)
    0x08000204   0x08000204   0x00000000   Code   RO         3041    .ARM.Collect$$_printf_percent$$00000000  c_w.l(_printf_percent.o)
    0x08000204   0x08000204   0x00000006   Code   RO         3040    .ARM.Collect$$_printf_percent$$00000003  c_w.l(_printf_f.o)
    0x0800020a   0x0800020a   0x00000006   Code   RO         3039    .ARM.Collect$$_printf_percent$$00000009  c_w.l(_printf_d.o)
    0x08000210   0x08000210   0x00000004   Code   RO         3160    .ARM.Collect$$_printf_percent$$00000017  c_w.l(_printf_percent_end.o)
    0x08000214   0x08000214   0x00000002   Code   RO         3263    .ARM.Collect$$libinit$$00000000  c_w.l(libinit.o)
    0x08000216   0x08000216   0x00000000   Code   RO         3265    .ARM.Collect$$libinit$$00000002  c_w.l(libinit2.o)
    0x08000216   0x08000216   0x00000000   Code   RO         3267    .ARM.Collect$$libinit$$00000004  c_w.l(libinit2.o)
    0x08000216   0x08000216   0x00000000   Code   RO         3270    .ARM.Collect$$libinit$$0000000A  c_w.l(libinit2.o)
    0x08000216   0x08000216   0x00000000   Code   RO         3272    .ARM.Collect$$libinit$$0000000C  c_w.l(libinit2.o)
    0x08000216   0x08000216   0x00000000   Code   RO         3274    .ARM.Collect$$libinit$$0000000E  c_w.l(libinit2.o)
    0x08000216   0x08000216   0x00000006   Code   RO         3275    .ARM.Collect$$libinit$$0000000F  c_w.l(libinit2.o)
    0x0800021c   0x0800021c   0x00000000   Code   RO         3277    .ARM.Collect$$libinit$$00000011  c_w.l(libinit2.o)
    0x0800021c   0x0800021c   0x00000000   Code   RO         3279    .ARM.Collect$$libinit$$00000013  c_w.l(libinit2.o)
    0x0800021c   0x0800021c   0x00000000   Code   RO         3281    .ARM.Collect$$libinit$$00000015  c_w.l(libinit2.o)
    0x0800021c   0x0800021c   0x0000000a   Code   RO         3282    .ARM.Collect$$libinit$$00000016  c_w.l(libinit2.o)
    0x08000226   0x08000226   0x00000000   Code   RO         3283    .ARM.Collect$$libinit$$00000017  c_w.l(libinit2.o)
    0x08000226   0x08000226   0x00000000   Code   RO         3285    .ARM.Collect$$libinit$$00000019  c_w.l(libinit2.o)
    0x08000226   0x08000226   0x00000000   Code   RO         3287    .ARM.Collect$$libinit$$0000001B  c_w.l(libinit2.o)
    0x08000226   0x08000226   0x00000000   Code   RO         3289    .ARM.Collect$$libinit$$0000001D  c_w.l(libinit2.o)
    0x08000226   0x08000226   0x00000000   Code   RO         3291    .ARM.Collect$$libinit$$0000001F  c_w.l(libinit2.o)
    0x08000226   0x08000226   0x00000000   Code   RO         3293    .ARM.Collect$$libinit$$00000021  c_w.l(libinit2.o)
    0x08000226   0x08000226   0x00000000   Code   RO         3295    .ARM.Collect$$libinit$$00000023  c_w.l(libinit2.o)
    0x08000226   0x08000226   0x00000000   Code   RO         3297    .ARM.Collect$$libinit$$00000025  c_w.l(libinit2.o)
    0x08000226   0x08000226   0x00000000   Code   RO         3301    .ARM.Collect$$libinit$$0000002C  c_w.l(libinit2.o)
    0x08000226   0x08000226   0x00000000   Code   RO         3303    .ARM.Collect$$libinit$$0000002E  c_w.l(libinit2.o)
    0x08000226   0x08000226   0x00000000   Code   RO         3305    .ARM.Collect$$libinit$$00000030  c_w.l(libinit2.o)
    0x08000226   0x08000226   0x00000000   Code   RO         3307    .ARM.Collect$$libinit$$00000032  c_w.l(libinit2.o)
    0x08000226   0x08000226   0x00000002   Code   RO         3308    .ARM.Collect$$libinit$$00000033  c_w.l(libinit2.o)
    0x08000228   0x08000228   0x00000002   Code   RO         3341    .ARM.Collect$$libshutdown$$00000000  c_w.l(libshutdown.o)
    0x0800022a   0x0800022a   0x00000000   Code   RO         3352    .ARM.Collect$$libshutdown$$00000002  c_w.l(libshutdown2.o)
    0x0800022a   0x0800022a   0x00000000   Code   RO         3354    .ARM.Collect$$libshutdown$$00000004  c_w.l(libshutdown2.o)
    0x0800022a   0x0800022a   0x00000000   Code   RO         3357    .ARM.Collect$$libshutdown$$00000007  c_w.l(libshutdown2.o)
    0x0800022a   0x0800022a   0x00000000   Code   RO         3360    .ARM.Collect$$libshutdown$$0000000A  c_w.l(libshutdown2.o)
    0x0800022a   0x0800022a   0x00000000   Code   RO         3362    .ARM.Collect$$libshutdown$$0000000C  c_w.l(libshutdown2.o)
    0x0800022a   0x0800022a   0x00000000   Code   RO         3365    .ARM.Collect$$libshutdown$$0000000F  c_w.l(libshutdown2.o)
    0x0800022a   0x0800022a   0x00000002   Code   RO         3366    .ARM.Collect$$libshutdown$$00000010  c_w.l(libshutdown2.o)
    0x0800022c   0x0800022c   0x00000000   Code   RO         3102    .ARM.Collect$$rtentry$$00000000  c_w.l(__rtentry.o)
    0x0800022c   0x0800022c   0x00000000   Code   RO         3182    .ARM.Collect$$rtentry$$00000002  c_w.l(__rtentry2.o)
    0x0800022c   0x0800022c   0x00000006   Code   RO         3194    .ARM.Collect$$rtentry$$00000004  c_w.l(__rtentry4.o)
    0x08000232   0x08000232   0x00000000   Code   RO         3184    .ARM.Collect$$rtentry$$00000009  c_w.l(__rtentry2.o)
    0x08000232   0x08000232   0x00000004   Code   RO         3185    .ARM.Collect$$rtentry$$0000000A  c_w.l(__rtentry2.o)
    0x08000236   0x08000236   0x00000000   Code   RO         3187    .ARM.Collect$$rtentry$$0000000C  c_w.l(__rtentry2.o)
    0x08000236   0x08000236   0x00000008   Code   RO         3188    .ARM.Collect$$rtentry$$0000000D  c_w.l(__rtentry2.o)
    0x0800023e   0x0800023e   0x00000002   Code   RO         3309    .ARM.Collect$$rtexit$$00000000  c_w.l(rtexit.o)
    0x08000240   0x08000240   0x00000000   Code   RO         3319    .ARM.Collect$$rtexit$$00000002  c_w.l(rtexit2.o)
    0x08000240   0x08000240   0x00000004   Code   RO         3320    .ARM.Collect$$rtexit$$00000003  c_w.l(rtexit2.o)
    0x08000244   0x08000244   0x00000006   Code   RO         3321    .ARM.Collect$$rtexit$$00000004  c_w.l(rtexit2.o)
    0x0800024a   0x0800024a   0x00000002   PAD
    0x0800024c   0x0800024c   0x00000040   Code   RO          133    .text               startup_stm32f10x_cl.o
    0x0800028c   0x0800028c   0x0000002c   Code   RO         3009    .text               c_w.l(__2sprintf.o)
    0x080002b8   0x080002b8   0x0000004e   Code   RO         3015    .text               c_w.l(_printf_pad.o)
    0x08000306   0x08000306   0x00000002   PAD
    0x08000308   0x08000308   0x00000078   Code   RO         3017    .text               c_w.l(_printf_dec.o)
    0x08000380   0x08000380   0x00000188   Code   RO         3036    .text               c_w.l(__printf_flags_ss_wp.o)
    0x08000508   0x08000508   0x00000006   Code   RO         3042    .text               c_w.l(heapauxi.o)
    0x0800050e   0x0800050e   0x000000b2   Code   RO         3107    .text               c_w.l(_printf_intcommon.o)
    0x080005c0   0x080005c0   0x0000041e   Code   RO         3111    .text               c_w.l(_printf_fp_dec.o)
    0x080009de   0x080009de   0x00000002   PAD
    0x080009e0   0x080009e0   0x00000030   Code   RO         3113    .text               c_w.l(_printf_char_common.o)
    0x08000a10   0x08000a10   0x0000000a   Code   RO         3115    .text               c_w.l(_sputc.o)
    0x08000a1a   0x08000a1a   0x00000002   PAD
    0x08000a1c   0x08000a1c   0x00000008   Code   RO         3199    .text               c_w.l(rt_locale_intlibspace.o)
    0x08000a24   0x08000a24   0x0000008a   Code   RO         3201    .text               c_w.l(lludiv10.o)
    0x08000aae   0x08000aae   0x00000002   PAD
    0x08000ab0   0x08000ab0   0x00000080   Code   RO         3203    .text               c_w.l(_printf_fp_infnan.o)
    0x08000b30   0x08000b30   0x000000e4   Code   RO         3211    .text               c_w.l(bigflt0.o)
    0x08000c14   0x08000c14   0x00000008   Code   RO         3247    .text               c_w.l(libspace.o)
    0x08000c1c   0x08000c1c   0x0000004a   Code   RO         3250    .text               c_w.l(sys_stackheap_outer.o)
    0x08000c66   0x08000c66   0x00000012   Code   RO         3254    .text               c_w.l(exit.o)
    0x08000c78   0x08000c78   0x00000080   Code   RO         3256    .text               c_w.l(strcmpv7m.o)
    0x08000cf8   0x08000cf8   0x0000000c   Code   RO         3331    .text               c_w.l(sys_exit.o)
    0x08000d04   0x08000d04   0x00000002   Code   RO         3342    .text               c_w.l(use_no_semi.o)
    0x08000d06   0x08000d06   0x00000000   Code   RO         3344    .text               c_w.l(indicate_semi.o)
    0x08000d06   0x08000d06   0x0000003e   Code   RO         3214    CL$$btod_d2e        c_w.l(btod.o)
    0x08000d44   0x08000d44   0x00000046   Code   RO         3216    CL$$btod_d2e_denorm_low  c_w.l(btod.o)
    0x08000d8a   0x08000d8a   0x00000060   Code   RO         3215    CL$$btod_d2e_norm_op1  c_w.l(btod.o)
    0x08000dea   0x08000dea   0x00000338   Code   RO         3224    CL$$btod_div_common  c_w.l(btod.o)
    0x08001122   0x08001122   0x000000dc   Code   RO         3221    CL$$btod_e2e        c_w.l(btod.o)
    0x080011fe   0x080011fe   0x0000002a   Code   RO         3218    CL$$btod_ediv       c_w.l(btod.o)
    0x08001228   0x08001228   0x0000002a   Code   RO         3217    CL$$btod_emul       c_w.l(btod.o)
    0x08001252   0x08001252   0x00000244   Code   RO         3223    CL$$btod_mult_common  c_w.l(btod.o)
    0x08001496   0x08001496   0x00000002   PAD
    0x08001498   0x08001498   0x00000094   Code   RO          649    i.ADS1220_Init      ads1220driver.o
    0x0800152c   0x0800152c   0x0000002c   Code   RO          650    i.ADS1220_RESET     ads1220driver.o
    0x08001558   0x08001558   0x00000038   Code   RO          651    i.ADS1220_Read_Reg  ads1220driver.o
    0x08001590   0x08001590   0x0000002c   Code   RO          652    i.ADS1220_START     ads1220driver.o
    0x080015bc   0x080015bc   0x00000074   Code   RO          653    i.ADS1220_Swap_Data  ads1220driver.o
    0x08001630   0x08001630   0x000000b8   Code   RO          654    i.ADS1220_UPDATE_Data  ads1220driver.o
    0x080016e8   0x080016e8   0x00000034   Code   RO          655    i.ADS1220_Write_Reg  ads1220driver.o
    0x0800171c   0x0800171c   0x00000064   Code   RO          264    i.BSP_DMA_Init      bsp.o
    0x08001780   0x08001780   0x0000022c   Code   RO          265    i.BSP_GPIO_Init     bsp.o
    0x080019ac   0x080019ac   0x00000018   Code   RO          266    i.BSP_Init          bsp.o
    0x080019c4   0x080019c4   0x00000058   Code   RO          267    i.BSP_SPI_Init      bsp.o
    0x08001a1c   0x08001a1c   0x00000130   Code   RO          268    i.BSP_TIM_Init      bsp.o
    0x08001b4c   0x08001b4c   0x00000040   Code   RO          269    i.BSP_USART_Init    bsp.o
    0x08001b8c   0x08001b8c   0x00000004   Code   RO          137    i.BusFault_Handler  stm32f10x_it.o
    0x08001b90   0x08001b90   0x0000014c   Code   RO         2926    i.CueBaseMenu       main.o
    0x08001cdc   0x08001cdc   0x00000020   Code   RO         2927    i.CueCalibrationOFF  main.o
    0x08001cfc   0x08001cfc   0x00000094   Code   RO         2928    i.CueCalibrationON  main.o
    0x08001d90   0x08001d90   0x000000f8   Code   RO         2929    i.CueSettingMenu1   main.o
    0x08001e88   0x08001e88   0x000000fc   Code   RO         2930    i.CueSettingMenu2   main.o
    0x08001f84   0x08001f84   0x0000000a   Code   RO         2931    i.CursorOff         main.o
    0x08001f8e   0x08001f8e   0x0000000a   Code   RO         2932    i.CursorOn          main.o
    0x08001f98   0x08001f98   0x00000018   Code   RO          992    i.DMA_Cmd           stm32f10x_dma.o
    0x08001fb0   0x08001fb0   0x0000003c   Code   RO          998    i.DMA_Init          stm32f10x_dma.o
    0x08001fec   0x08001fec   0x00000064   Code   RO          378    i.DS18B20_Check     ds18b20.o
    0x08002050   0x08002050   0x0000000c   Code   RO          380    i.DS18B20_Init      ds18b20.o
    0x0800205c   0x0800205c   0x00000044   Code   RO          383    i.DS18B20_Rst       ds18b20.o
    0x080020a0   0x080020a0   0x00000002   Code   RO          138    i.DebugMon_Handler  stm32f10x_it.o
    0x080020a2   0x080020a2   0x00000002   PAD
    0x080020a4   0x080020a4   0x0000005c   Code   RO          458    i.EEPROM_Continute_Read  25lc512.o
    0x08002100   0x08002100   0x00000026   Code   RO          459    i.EEPROM_Continute_Write  25lc512.o
    0x08002126   0x08002126   0x00000002   PAD
    0x08002128   0x08002128   0x00000048   Code   RO          460    i.EEPROM_Get_ID     25lc512.o
    0x08002170   0x08002170   0x00000018   Code   RO          463    i.EEPROM_Swap_Data  25lc512.o
    0x08002188   0x08002188   0x00000058   Code   RO          464    i.EEPROM_Write_Data  25lc512.o
    0x080021e0   0x080021e0   0x0000002c   Code   RO          465    i.EEPROM_Write_Enable  25lc512.o
    0x0800220c   0x0800220c   0x0000006c   Code   RO          523    i.ElectronicScaleGetData  electronicscaledriver.o
    0x08002278   0x08002278   0x00000116   Code   RO         1296    i.GPIO_Init         stm32f10x_gpio.o
    0x0800238e   0x0800238e   0x00000002   PAD
    0x08002390   0x08002390   0x00000090   Code   RO         1298    i.GPIO_PinRemapConfig  stm32f10x_gpio.o
    0x08002420   0x08002420   0x00000012   Code   RO         1300    i.GPIO_ReadInputDataBit  stm32f10x_gpio.o
    0x08002432   0x08002432   0x00000004   Code   RO         1303    i.GPIO_ResetBits    stm32f10x_gpio.o
    0x08002436   0x08002436   0x00000004   Code   RO         1304    i.GPIO_SetBits      stm32f10x_gpio.o
    0x0800243a   0x0800243a   0x0000000a   Code   RO         1307    i.GPIO_WriteBit     stm32f10x_gpio.o
    0x08002444   0x08002444   0x00000060   Code   RO          350    i.GetKey            easy_driver.o
    0x080024a4   0x080024a4   0x00000004   Code   RO          139    i.HardFault_Handler  stm32f10x_it.o
    0x080024a8   0x080024a8   0x00000026   Code   RO          560    i.J_LCD_Init        j12864driver.o
    0x080024ce   0x080024ce   0x00000002   PAD
    0x080024d0   0x080024d0   0x00000028   Code   RO          561    i.J_LCD_RESET       j12864driver.o
    0x080024f8   0x080024f8   0x0000003c   Code   RO          351    i.MY_ReadInputDataBit  easy_driver.o
    0x08002534   0x08002534   0x00000264   Code   RO         2933    i.MeasureAction     main.o
    0x08002798   0x08002798   0x00000004   Code   RO          140    i.MemManage_Handler  stm32f10x_it.o
    0x0800279c   0x0800279c   0x00000002   Code   RO          141    i.NMI_Handler       stm32f10x_it.o
    0x0800279e   0x0800279e   0x00000002   PAD
    0x080027a0   0x080027a0   0x00000070   Code   RO          708    i.NVIC_Init         misc.o
    0x08002810   0x08002810   0x00000014   Code   RO          709    i.NVIC_PriorityGroupConfig  misc.o
    0x08002824   0x08002824   0x00000002   Code   RO          142    i.PendSV_Handler    stm32f10x_it.o
    0x08002826   0x08002826   0x00000002   PAD
    0x08002828   0x08002828   0x000000f8   Code   RO         2934    i.Peripheral_Init_And_SelfCheck  main.o
    0x08002920   0x08002920   0x00000020   Code   RO         1711    i.RCC_AHBPeriphClockCmd  stm32f10x_rcc.o
    0x08002940   0x08002940   0x00000020   Code   RO         1712    i.RCC_APB1PeriphClockCmd  stm32f10x_rcc.o
    0x08002960   0x08002960   0x00000020   Code   RO         1714    i.RCC_APB2PeriphClockCmd  stm32f10x_rcc.o
    0x08002980   0x08002980   0x000000d4   Code   RO         1722    i.RCC_GetClocksFreq  stm32f10x_rcc.o
    0x08002a54   0x08002a54   0x0000003c   Code   RO          352    i.RelayControl      easy_driver.o
    0x08002a90   0x08002a90   0x00000026   Code   RO          562    i.SPIWR             j12864driver.o
    0x08002ab6   0x08002ab6   0x00000018   Code   RO         2005    i.SPI_Cmd           stm32f10x_spi.o
    0x08002ace   0x08002ace   0x00000012   Code   RO         2013    i.SPI_I2S_GetFlagStatus  stm32f10x_spi.o
    0x08002ae0   0x08002ae0   0x00000006   Code   RO         2016    i.SPI_I2S_ReceiveData  stm32f10x_spi.o
    0x08002ae6   0x08002ae6   0x00000004   Code   RO         2017    i.SPI_I2S_SendData  stm32f10x_spi.o
    0x08002aea   0x08002aea   0x0000003c   Code   RO         2018    i.SPI_Init          stm32f10x_spi.o
    0x08002b26   0x08002b26   0x00000002   Code   RO          143    i.SVC_Handler       stm32f10x_it.o
    0x08002b28   0x08002b28   0x0000001a   Code   RO          524    i.ScaleInit         electronicscaledriver.o
    0x08002b42   0x08002b42   0x00000002   PAD
    0x08002b44   0x08002b44   0x00000028   Code   RO          525    i.ScaleSetToZero    electronicscaledriver.o
    0x08002b6c   0x08002b6c   0x0000004c   Code   RO          563    i.SendByteLCD       j12864driver.o
    0x08002bb8   0x08002bb8   0x00000040   Code   RO          353    i.SetKeyOutput      easy_driver.o
    0x08002bf8   0x08002bf8   0x00000008   Code   RO           17    i.SetSysClock       system_stm32f10x.o
    0x08002c00   0x08002c00   0x000000e0   Code   RO           18    i.SetSysClockTo72   system_stm32f10x.o
    0x08002ce0   0x08002ce0   0x00000012   Code   RO          656    i.ShortDelay        ads1220driver.o
    0x08002cf2   0x08002cf2   0x00000012   Code   RO          564    i.Short_Delay       j12864driver.o
    0x08002d04   0x08002d04   0x00000026   Code   RO          566    i.ShowEngChar       j12864driver.o
    0x08002d2a   0x08002d2a   0x00000034   Code   RO          568    i.ShowQQChar        j12864driver.o
    0x08002d5e   0x08002d5e   0x00000028   Code   RO          712    i.SysTick_CLKSourceConfig  misc.o
    0x08002d86   0x08002d86   0x00000002   Code   RO          144    i.SysTick_Handler   stm32f10x_it.o
    0x08002d88   0x08002d88   0x00000060   Code   RO           20    i.SystemInit        system_stm32f10x.o
    0x08002de8   0x08002de8   0x00000024   Code   RO          145    i.TIM2_IRQHandler   stm32f10x_it.o
    0x08002e0c   0x08002e0c   0x0000009c   Code   RO          146    i.TIM3_IRQHandler   stm32f10x_it.o
    0x08002ea8   0x08002ea8   0x00000020   Code   RO          147    i.TIM4_IRQHandler   stm32f10x_it.o
    0x08002ec8   0x08002ec8   0x00000006   Code   RO         2155    i.TIM_ClearITPendingBit  stm32f10x_tim.o
    0x08002ece   0x08002ece   0x00000018   Code   RO         2160    i.TIM_Cmd           stm32f10x_tim.o
    0x08002ee6   0x08002ee6   0x00000022   Code   RO         2181    i.TIM_GetITStatus   stm32f10x_tim.o
    0x08002f08   0x08002f08   0x00000012   Code   RO         2185    i.TIM_ITConfig      stm32f10x_tim.o
    0x08002f1a   0x08002f1a   0x00000002   PAD
    0x08002f1c   0x08002f1c   0x000000a4   Code   RO         2231    i.TIM_TimeBaseInit  stm32f10x_tim.o
    0x08002fc0   0x08002fc0   0x00000018   Code   RO         2696    i.USART_Cmd         stm32f10x_usart.o
    0x08002fd8   0x08002fd8   0x00000012   Code   RO         2697    i.USART_DMACmd      stm32f10x_usart.o
    0x08002fea   0x08002fea   0x00000002   PAD
    0x08002fec   0x08002fec   0x000000d8   Code   RO         2703    i.USART_Init        stm32f10x_usart.o
    0x080030c4   0x080030c4   0x00000012   Code   RO         2935    i.UntilKeyRelease   main.o
    0x080030d6   0x080030d6   0x00000002   PAD
    0x080030d8   0x080030d8   0x000000d4   Code   RO          526    i.UpdateScaleData   electronicscaledriver.o
    0x080031ac   0x080031ac   0x00000004   Code   RO          148    i.UsageFault_Handler  stm32f10x_it.o
    0x080031b0   0x080031b0   0x0000002c   Code   RO          570    i.WRCommand         j12864driver.o
    0x080031dc   0x080031dc   0x00000028   Code   RO          571    i.WRData            j12864driver.o
    0x08003204   0x08003204   0x00000028   Code   RO         3245    i.__ARM_fpclassify  m_ws.l(fpclassify.o)
    0x0800322c   0x0800322c   0x0000000e   Code   RO         3029    i._is_digit         c_w.l(__printf_wp.o)
    0x0800323a   0x0800323a   0x00000046   Code   RO          270    i.bsp_delay100ms    bsp.o
    0x08003280   0x08003280   0x0000000c   Code   RO          271    i.bsp_delayms       bsp.o
    0x0800328c   0x0800328c   0x0000003c   Code   RO          386    i.delay_init        ds18b20.o
    0x080032c8   0x080032c8   0x00000038   Code   RO          387    i.delay_ms          ds18b20.o
    0x08003300   0x08003300   0x0000004c   Code   RO          388    i.delay_us          ds18b20.o
    0x0800334c   0x0800334c   0x0000004c   Code   RO          389    i.delay_xms         ds18b20.o
    0x08003398   0x08003398   0x00000034   Code   RO          273    i.fun_spiSwap       bsp.o
    0x080033cc   0x080033cc   0x00000a38   Code   RO         2936    i.main              main.o
    0x08003e04   0x08003e04   0x0000002c   Code   RO         3239    locale$$code        c_w.l(lc_numeric_c.o)
    0x08003e30   0x08003e30   0x00000062   Code   RO         3046    x$fpl$d2f           fz_ws.l(d2f.o)
    0x08003e92   0x08003e92   0x00000002   PAD
    0x08003e94   0x08003e94   0x00000150   Code   RO         3048    x$fpl$dadd          fz_ws.l(daddsub_clz.o)
    0x08003fe4   0x08003fe4   0x000002b0   Code   RO         3055    x$fpl$ddiv          fz_ws.l(ddiv.o)
    0x08004294   0x08004294   0x0000005e   Code   RO         3058    x$fpl$dfix          fz_ws.l(dfix.o)
    0x080042f2   0x080042f2   0x00000002   PAD
    0x080042f4   0x080042f4   0x0000005a   Code   RO         3062    x$fpl$dfixu         fz_ws.l(dfixu.o)
    0x0800434e   0x0800434e   0x00000026   Code   RO         3066    x$fpl$dfltu         fz_ws.l(dflt_clz.o)
    0x08004374   0x08004374   0x00000154   Code   RO         3072    x$fpl$dmul          fz_ws.l(dmul.o)
    0x080044c8   0x080044c8   0x0000009c   Code   RO         3170    x$fpl$dnaninf       fz_ws.l(dnaninf.o)
    0x08004564   0x08004564   0x0000000c   Code   RO         3172    x$fpl$dretinf       fz_ws.l(dretinf.o)
    0x08004570   0x08004570   0x000001d4   Code   RO         3050    x$fpl$dsub          fz_ws.l(daddsub_clz.o)
    0x08004744   0x08004744   0x00000056   Code   RO         3074    x$fpl$f2d           fz_ws.l(f2d.o)
    0x0800479a   0x0800479a   0x00000002   PAD
    0x0800479c   0x0800479c   0x000000c4   Code   RO         3076    x$fpl$fadd          fz_ws.l(faddsub_clz.o)
    0x08004860   0x08004860   0x00000018   Code   RO         3241    x$fpl$fcmpinf       fz_ws.l(fcmpi.o)
    0x08004878   0x08004878   0x00000184   Code   RO         3083    x$fpl$fdiv          fz_ws.l(fdiv.o)
    0x080049fc   0x080049fc   0x00000036   Code   RO         3086    x$fpl$ffix          fz_ws.l(ffix.o)
    0x08004a32   0x08004a32   0x00000002   PAD
    0x08004a34   0x08004a34   0x00000030   Code   RO         3091    x$fpl$fflt          fz_ws.l(fflt_clz.o)
    0x08004a64   0x08004a64   0x00000026   Code   RO         3090    x$fpl$ffltu         fz_ws.l(fflt_clz.o)
    0x08004a8a   0x08004a8a   0x00000002   PAD
    0x08004a8c   0x08004a8c   0x00000068   Code   RO         3174    x$fpl$fleqf         fz_ws.l(fleqf.o)
    0x08004af4   0x08004af4   0x00000102   Code   RO         3096    x$fpl$fmul          fz_ws.l(fmul.o)
    0x08004bf6   0x08004bf6   0x0000008c   Code   RO         3176    x$fpl$fnaninf       fz_ws.l(fnaninf.o)
    0x08004c82   0x08004c82   0x0000000a   Code   RO         3178    x$fpl$fretinf       fz_ws.l(fretinf.o)
    0x08004c8c   0x08004c8c   0x00000062   Code   RO         3098    x$fpl$frleqf        fz_ws.l(frleqf.o)
    0x08004cee   0x08004cee   0x00000002   PAD
    0x08004cf0   0x08004cf0   0x000000ea   Code   RO         3078    x$fpl$fsub          fz_ws.l(faddsub_clz.o)
    0x08004dda   0x08004dda   0x00000004   Code   RO         3100    x$fpl$printf1       fz_ws.l(printf1.o)
    0x08004dde   0x08004dde   0x00000000   Code   RO         3180    x$fpl$usenofp       fz_ws.l(usenofp.o)
    0x08004dde   0x08004dde   0x00000011   Data   RO         3037    .constdata          c_w.l(__printf_flags_ss_wp.o)
    0x08004def   0x08004def   0x00000001   PAD
    0x08004df0   0x08004df0   0x00000094   Data   RO         3212    .constdata          c_w.l(bigflt0.o)
    0x08004e84   0x08004e84   0x00000020   Data   RO         3391    Region$$Table       anon$$obj.o
    0x08004ea4   0x08004ea4   0x0000001c   Data   RO         3238    locale$$data        c_w.l(lc_numeric_c.o)


    Execution Region RW_IRAM1 (Exec base: 0x20000000, Load base: 0x08004ec0, Size: 0x00000878, Max: 0x00005000, ABSOLUTE, COMPRESSED[0x000000fc])

    Exec Addr    Load Addr    Size         Type   Attr      Idx    E Section Name        Object

    0x20000000   COMPRESSED   0x0000000c   Data   RW          149    .data               stm32f10x_it.o
    0x2000000c   COMPRESSED   0x00000004   Data   RW          390    .data               ds18b20.o
    0x20000010   COMPRESSED   0x00000002   Data   RW          467    .data               25lc512.o
    0x20000012   COMPRESSED   0x00000002   PAD
    0x20000014   COMPRESSED   0x00000008   Data   RW          527    .data               electronicscaledriver.o
    0x2000001c   COMPRESSED   0x00000014   Data   RW         1742    .data               stm32f10x_rcc.o
    0x20000030   COMPRESSED   0x00000190   Data   RW         2938    .data               main.o
    0x200001c0        -       0x00000014   Zero   RW          276    .bss                bsp.o
    0x200001d4        -       0x00000010   Zero   RW          657    .bss                ads1220driver.o
    0x200001e4        -       0x00000033   Zero   RW         2937    .bss                main.o
    0x20000217   COMPRESSED   0x00000001   PAD
    0x20000218        -       0x00000060   Zero   RW         3248    .bss                c_w.l(libspace.o)
    0x20000278        -       0x00000200   Zero   RW          131    HEAP                startup_stm32f10x_cl.o
    0x20000478        -       0x00000400   Zero   RW          130    STACK               startup_stm32f10x_cl.o


==============================================================================

Image component sizes


      Code (inc. data)   RO Data    RW Data    ZI Data      Debug   Object Name

       358         42          0          2          0       4322   25lc512.o
       662         66          0          0         16       5646   ads1220driver.o
      1270         46          0          0         20       6826   bsp.o
         0          0          0          0          0       4540   core_cm3.o
       448         38          0          4          0       3804   ds18b20.o
       280         20          0          0          0       2512   easy_driver.o
       386         24          0          8          0       3073   electronicscaledriver.o
       384         20          0          0          0       4983   j12864driver.o
      4526        552          0        400         51      11157   main.o
       172         22          0          0          0       1893   misc.o
        64         26        336          0       1536        792   startup_stm32f10x_cl.o
        84          0          0          0          0       2649   stm32f10x_dma.o
       458          6          0          0          0       4810   stm32f10x_gpio.o
       250         36          0         12          0       6145   stm32f10x_it.o
       308         38          0         20          0       4782   stm32f10x_rcc.o
       112          0          0          0          0       3602   stm32f10x_spi.o
       246         42          0          0          0       3318   stm32f10x_tim.o
       258          6          0          0          0       3276   stm32f10x_usart.o
       328         28          0          0          0     265221   system_stm32f10x.o

    ----------------------------------------------------------------------
     10614       1012        368        448       1624     343351   Object Totals
         0          0         32          0          0          0   (incl. Generated)
        20          0          0          2          1          0   (incl. Padding)

    ----------------------------------------------------------------------

      Code (inc. data)   RO Data    RW Data    ZI Data      Debug   Library Member Name

        44          6          0          0          0         84   __2sprintf.o
        90          0          0          0          0          0   __dczerorl2.o
         8          0          0          0          0         68   __main.o
       392          4         17          0          0         92   __printf_flags_ss_wp.o
        14          0          0          0          0         68   __printf_wp.o
         0          0          0          0          0          0   __rtentry.o
        12          0          0          0          0          0   __rtentry2.o
         6          0          0          0          0          0   __rtentry4.o
        52          8          0          0          0          0   __scatter.o
        28          0          0          0          0          0   __scatter_zi.o
        48          6          0          0          0         96   _printf_char_common.o
         6          0          0          0          0          0   _printf_d.o
       120         16          0          0          0         92   _printf_dec.o
         6          0          0          0          0          0   _printf_f.o
      1054          0          0          0          0        216   _printf_fp_dec.o
       128         16          0          0          0         84   _printf_fp_infnan.o
       178          0          0          0          0         88   _printf_intcommon.o
        78          0          0          0          0        108   _printf_pad.o
         0          0          0          0          0          0   _printf_percent.o
         4          0          0          0          0          0   _printf_percent_end.o
        10          0          0          0          0         68   _sputc.o
       228          4        148          0          0         96   bigflt0.o
      1936        128          0          0          0        672   btod.o
        18          0          0          0          0         80   exit.o
         6          0          0          0          0        152   heapauxi.o
         0          0          0          0          0          0   indicate_semi.o
        44         10         28          0          0         76   lc_numeric_c.o
         2          0          0          0          0          0   libinit.o
        18          0          0          0          0          0   libinit2.o
         2          0          0          0          0          0   libshutdown.o
         2          0          0          0          0          0   libshutdown2.o
         8          4          0          0         96         68   libspace.o
       138          0          0          0          0         80   lludiv10.o
         8          4          0          0          0         68   rt_locale_intlibspace.o
         2          0          0          0          0          0   rtexit.o
        10          0          0          0          0          0   rtexit2.o
       128          0          0          0          0         68   strcmpv7m.o
        12          4          0          0          0         68   sys_exit.o
        74          0          0          0          0         80   sys_stackheap_outer.o
         2          0          0          0          0         68   use_no_semi.o
        98          4          0          0          0         92   d2f.o
       804         16          0          0          0        272   daddsub_clz.o
       688        140          0          0          0        208   ddiv.o
        94          4          0          0          0         92   dfix.o
        90          4          0          0          0         92   dfixu.o
        38          0          0          0          0         68   dflt_clz.o
       340         12          0          0          0        104   dmul.o
       156          4          0          0          0         92   dnaninf.o
        12          0          0          0          0         68   dretinf.o
        86          4          0          0          0         84   f2d.o
       430          8          0          0          0        168   faddsub_clz.o
        24          0          0          0          0         68   fcmpi.o
       388         76          0          0          0         96   fdiv.o
        54          4          0          0          0         84   ffix.o
        86          0          0          0          0        136   fflt_clz.o
       104          4          0          0          0         84   fleqf.o
       258          4          0          0          0         84   fmul.o
       140          4          0          0          0         84   fnaninf.o
        10          0          0          0          0         68   fretinf.o
        98          0          0          0          0         68   frleqf.o
         4          0          0          0          0         68   printf1.o
         0          0          0          0          0          0   usenofp.o
        40          0          0          0          0         68   fpclassify.o

    ----------------------------------------------------------------------
      8984        498        194          0         96       4888   Library Totals
        26          0          1          0          0          0   (incl. Padding)

    ----------------------------------------------------------------------

      Code (inc. data)   RO Data    RW Data    ZI Data      Debug   Library Name

      4916        210        193          0         96       2640   c_w.l
      4002        288          0          0          0       2180   fz_ws.l
        40          0          0          0          0         68   m_ws.l

    ----------------------------------------------------------------------
      8984        498        194          0         96       4888   Library Totals

    ----------------------------------------------------------------------

==============================================================================


      Code (inc. data)   RO Data    RW Data    ZI Data      Debug   

     19598       1510        562        448       1720     340487   Grand Totals
     19598       1510        562        252       1720     340487   ELF Image Totals (compressed)
     19598       1510        562        252          0          0   ROM Totals

==============================================================================

    Total RO  Size (Code + RO Data)                20160 (  19.69kB)
    Total RW  Size (RW Data + ZI Data)              2168 (   2.12kB)
    Total ROM Size (Code + RO Data + RW Data)      20412 (  19.93kB)

==============================================================================

