<html>
<body>
<pre>
<h1>µVision Build Log</h1>
<h2>Tool Versions:</h2>
IDE-Version: ¦ÌVision V5.31.0.0
Copyright (C) 2020 ARM Ltd and ARM Germany GmbH. All rights reserved.
License Information: chen zhizhao, USTB, LIC=8VRMM-X006Y-EV41R-KBEIG-10VQC-8ENJL
 
Tool Versions:
Toolchain:       MDK-ARM Plus  Version: 5.31.0.0
Toolchain Path:  C:\Keil_v5\ARM\ARMCC\Bin
C Compiler:      Armcc.exe V5.06 update 6 (build 750)
Assembler:       Armasm.exe V5.06 update 6 (build 750)
Linker/Locator:  ArmLink.exe V5.06 update 6 (build 750)
Library Manager: ArmAr.exe V5.06 update 6 (build 750)
Hex Converter:   FromElf.exe V5.06 update 6 (build 750)
CPU DLL:         SARMCM3.DLL V5.31.0.0
Dialog DLL:      DCM.DLL V1.17.3.0
Target DLL:      STLink\ST-LINKIII-KEIL_SWO.dll V3.0.7.0
Dialog DLL:      TCM.DLL V1.46.0.0
 
<h2>Project:</h2>
C:\Users\zhizhao\Desktop\liquid_Ver2_Program\Project\STM32F103.uvprojx
Project File Date:  12/11/2020

<h2>Output:</h2>
*** Using Compiler 'V5.06 update 6 (build 750)', folder: 'C:\Keil_v5\ARM\ARMCC\Bin'
Build target 'My Project'
compiling main.c...
..\User\main.c(483): warning:  #167-D: argument of type "uint8_t *" is incompatible with parameter of type "char *restrict"
  	sprintf(&start_menu_delay_disp[0][0],"%04.1f",(float)start_menu_delay[0]/10);
..\User\main.c(484): warning:  #167-D: argument of type "uint8_t *" is incompatible with parameter of type "char *restrict"
  	sprintf(&start_menu_delay_disp[1][0],"%04.1f",(float)start_menu_delay[1]/10);
..\User\main.c(485): warning:  #167-D: argument of type "uint8_t *" is incompatible with parameter of type "char *restrict"
  	sprintf(&start_menu_delay_disp[2][0],"%04.1f",(float)start_menu_delay[2]/10);
..\User\main.c(495): warning:  #167-D: argument of type "uint8_t *" is incompatible with parameter of type "char *restrict"
  	sprintf(setting_menu_relay_A_time,"%04.1f",(float)relay_A_time/10);
..\User\main.c(496): warning:  #167-D: argument of type "uint8_t *" is incompatible with parameter of type "char *restrict"
  	sprintf(setting_menu_relay_B_time,"%04.1f",(float)relay_B_time/10);
..\User\main.c(510): warning:  #167-D: argument of type "uint8_t *" is incompatible with parameter of type "char *restrict"
  	sprintf(setting_menu_stable_time,"%04.1f",(float)stable_time/10);
..\User\main.c(511): warning:  #167-D: argument of type "uint8_t *" is incompatible with parameter of type "char *restrict"
  	sprintf(setting_menu_counter,"%04d",record_counter);
..\User\main.c(536): warning:  #167-D: argument of type "uint8_t *" is incompatible with parameter of type "char *restrict"
  	sprintf(calibration_estimate_char,"%05.2f",(float)calibration_estimate);
..\User\main.c(570): warning:  #167-D: argument of type "uint8_t *" is incompatible with parameter of type "char *restrict"
  		sprintf(&start_menu_delay_disp[0][0],"%04.1f",(float)time_left/10);
..\User\main.c(585): warning:  #167-D: argument of type "uint8_t *" is incompatible with parameter of type "char *restrict"
  		sprintf(&start_menu_delay_disp[1][0],"%04.1f",(float)time_left/10);
..\User\main.c(601): warning:  #167-D: argument of type "uint8_t *" is incompatible with parameter of type "char *restrict"
  	sprintf(estimate_char,"%05.2f",estimate_ave);
..\User\main.c(618): warning:  #167-D: argument of type "uint8_t *" is incompatible with parameter of type "char *restrict"
  		sprintf(&start_menu_delay_disp[2][0],"%04.1f",(float)time_left/10);
..\User\main.c: 12 warnings, 0 errors
linking...
Program Size: Code=19598 RO-data=562 RW-data=448 ZI-data=1720  
".\Objects\STM32F103.axf" - 0 Error(s), 12 Warning(s).

<h2>Software Packages used:</h2>

Package Vendor: Keil
                http://www.keil.com/pack/Keil.STM32F1xx_DFP.2.3.0.pack
                Keil.STM32F1xx_DFP.2.3.0
                STMicroelectronics STM32F1 Series Device Support, Drivers and Examples

<h2>Collection of Component include folders:</h2>
  C:\Users\zhizhao\AppData\Local\Arm\Packs\Keil\STM32F1xx_DFP\2.3.0\Device\Include

<h2>Collection of Component Files used:</h2>
Build Time Elapsed:  00:00:01
</pre>
</body>
</html>
